Microchip MPLAB XC8 Compiler V2.40

Linker command line:

-W-3 \
  --edf=C:\Program Files\Microchip\xc8\v2.40\pic\dat\20220703182018_en.msgs \
  -cn -h+dist/default/production\03-Contatore99.X.production.sym \
  --cmf=dist/default/production\03-Contatore99.X.production.cmf -z -w9 \
  --disl=596:off --norlf -Q16F628A \
  -oC:\Users\User\AppData\Local\Temp\xcAsbhg.4 --defsym=__MPLAB_BUILD=1 \
  -Mdist/default/production/03-Contatore99.X.production.map \
  --md=C:\Users\User\AppData\Local\Temp\xcAsbhg.dat -E1 -ver=XC8 Compiler \
  --acfsm=1493 -ACODE=00h-07FFh -ASTRCODE=00h-07FFh -ASTRING=00h-0FFhx8 \
  -ACONST=00h-0FFhx8 -AENTRY=00h-0FFhx8 -ACOMMON=070h-07Fh \
  -ABANK0=020h-06Fh -ABANK1=0A0h-0EFh -ABANK2=0120h-014Fh \
  -ARAM=020h-06Fh,0A0h-0EFh,0120h-014Fh \
  -AABS1=020h-07Fh,0A0h-0EFh,0120h-014Fh -ASFR0=00h-01Fh -ASFR1=080h-09Fh \
  -ASFR2=0100h-011Fh -ASFR3=0180h-01EFh -ACONFIG=02007h-02007h -DCONFIG=2 \
  -AIDLOC=02000h-02003h -DIDLOC=2 -AEEDATA=00h-07Fh/02100h \
  -peeprom_data=EEDATA -DEEDATA=2 -DCODE=2 -DSTRCODE=2 -DSTRING=2 -DCONST=2 \
  -DENTRY=2 -preset_vec=00h,intentry=04h,init,end_init -ppowerup=CODE \
  -pcinit=CODE -pfunctab=ENTRY -k \
  C:\Users\User\AppData\Local\Temp\xcAsbhg.o \
  dist/default/production\03-Contatore99.X.production.o 

Object code version is 3.11

Machine type is 16F628A



                Name                               Link     Load   Length Selector   Space Scale
C:\Users\User\AppData\Local\Temp\xcAsbhg.o
                end_init                              A        A        2        8       0
                reset_vec                             0        0        1        0       0
                config                             2007     2007        1        0       4
                idloc                              2000     2000        4        0       5
dist/default/production\03-Contatore99.X.production.o
                cinit                                 C        C        A        8       0
                intentry                              4        4        6        8       0
                config                             2007     2007        1        0       4
                idloc                              2000     2000        4        0       5
                text3                               1A8      1A8       49        8       0
                text2                                E4       E4       69        8       0
                text1                               14D      14D       5B        8       0
                maintext                             16       16       CE        8       0
                cstackBANK0                          20       20        8       20       1
                cstackCOMMON                         70       70        8       70       1
                dataBANK0                            2B       2B        1       20       1
                bssBANK0                             28       28        3       20       1
                bssCOMMON                            78       78        3       70       1
                idataBANK0                          1F1      1F1        1        8       0

TOTAL           Name                               Link     Load   Length     Space
        CLASS   CODE           
                end_init                              A        A        2         0
                cinit                                 C        C        A         0
                intentry                              4        4        6         0
                reset_vec                             0        0        1         0
                text3                               1A8      1A8       49         0
                text2                                E4       E4       69         0
                text1                               14D      14D       5B         0
                maintext                             16       16       CE         0
                idataBANK0                          1F1      1F1        1         0

        CLASS   STRCODE        

        CLASS   STRING         

        CLASS   CONST          

        CLASS   ENTRY          

        CLASS   COMMON         
                cstackCOMMON                         70       70        8         1
                bssCOMMON                            78       78        3         1

        CLASS   BANK0          
                cstackBANK0                          20       20        8         1
                dataBANK0                            2B       2B        1         1
                bssBANK0                             28       28        3         1

        CLASS   BANK1          

        CLASS   BANK2          

        CLASS   RAM            

        CLASS   ABS1           
                abs_s1                               7E       7E        2         1

        CLASS   SFR0           

        CLASS   SFR1           

        CLASS   SFR2           

        CLASS   SFR3           

        CLASS   CONFIG         
                config                             2007     2007        1         4

        CLASS   IDLOC          
                idloc                              2000     2000        4         5

        CLASS   EEDATA         

        CLASS   BANK3          

        CLASS   STACK          



SEGMENTS        Name                           Load    Length   Top    Selector   Space  Class     Delta

                reset_vec                      000000  000001  000001         0       0  CODE        2
                intentry                       000004  0001EE  0001F2         8       0  CODE        2
                cstackBANK0                    000020  00000C  00002C        20       1  BANK0       1
                cstackCOMMON                   000070  00000B  00007B        70       1  COMMON      1


UNUSED ADDRESS RANGES

        Name                Unused          Largest block    Delta
        BANK0            002C-006F             44           1
        BANK1            00A0-00EF             50           1
        BANK2            0120-014F             30           1
        CODE             0001-0003              3           2
                         01F2-07FF            60E
        COMMON           007B-007D              3           1
        CONST            0001-0003              3           2
                         01F2-07FF            100
        EEDATA           2100-217F             80           2
        ENTRY            0001-0003              3           2
                         01F2-07FF            100
        RAM              002C-006F             44           1
                         00A0-00EF             50
                         0120-014F             30
        SFR0             0000-001F             20           1
        SFR1             0080-009F             20           1
        SFR2             0100-011F             20           1
        SFR3             0180-01EF             70           1
        STRCODE          0001-0003              3           2
                         01F2-07FF            60E
        STRING           0001-0003              3           2
                         01F2-07FF            100

                                  Symbol Table

_SevenSeg_Write                           
_SevenSeg_Write_Write                     
__Habs1                  abs1         0000
__Hbank0                 bank0        0000
__Hbank1                 bank1        0000
__Hbank2                 bank2        0000
__Hbank3                 bank3        0000
__HbssBANK0              bssBANK0     0000
__HbssCOMMON             bssCOMMON    0000
__Hclrtext               clrtext      0000
__Hcode                  code         0000
__Hcommon                common       0000
__HcstackBANK0           cstackBANK0  0000
__HcstackCOMMON          cstackCOMMON 0000
__HdataBANK0             dataBANK0    0000
__Heeprom_data           eeprom_data  0000
__Hfunctab               functab      0000
__HidataBANK0            idataBANK0   0000
__Hmaintext              maintext     0000
__Hpowerup               powerup      0000
__Hram                   ram          0000
__Hsfr0                  sfr0         0000
__Hsfr1                  sfr1         0000
__Hsfr2                  sfr2         0000
__Hsfr3                  sfr3         0000
__Hspace_2               (abs)        0000
__Hspace_3               (abs)        0000
__Hstack                 stack        0000
__Hstrings               strings      0000
__Htext                  text         0000
__Labs1                  abs1         0000
__Lbank0                 bank0        0000
__Lbank1                 bank1        0000
__Lbank2                 bank2        0000
__Lbank3                 bank3        0000
__LbssBANK0              bssBANK0     0000
__LbssCOMMON             bssCOMMON    0000
__Lclrtext               clrtext      0000
__Lcode                  code         0000
__Lcommon                common       0000
__Lconfig                config       0000
__LcstackBANK0           cstackBANK0  0000
__LcstackCOMMON          cstackCOMMON 0000
__LdataBANK0             dataBANK0    0000
__Leeprom_data           eeprom_data  0000
__Lfunctab               functab      0000
__LidataBANK0            idataBANK0   0000
__Lidloc                 idloc        0000
__Lmaintext              maintext     0000
__Lpowerup               powerup      0000
__Lram                   ram          0000
__Lreset_vec             reset_vec    0000
__Lsfr0                  sfr0         0000
__Lsfr1                  sfr1         0000
__Lsfr2                  sfr2         0000
__Lsfr3                  sfr3         0000
__Lspace_0               (abs)        0000
__Lspace_1               (abs)        0000
__Lspace_2               (abs)        0000
__Lspace_3               (abs)        0000
__Lspace_4               (abs)        0000
__Lstack                 stack        0000
__Lstrings               strings      0000
__Ltext                  text         0000
__S3                     (abs)        0000
___int_sp                stack        0000
___latbits               (abs)        0000
___sp                    stack        0000
___stackhi               (abs)        0000
___stacklo               (abs)        0000
intlevel0                functab      0000
intlevel1                functab      0000
intlevel2                functab      0000
intlevel3                functab      0000
intlevel4                functab      0000
intlevel5                functab      0000
reset_vec                reset_vec    0000
_TMR0                    (abs)        0001
__Hreset_vec             reset_vec    0001
_PORTA                   (abs)        0005
_PORTAbits               (abs)        0005
__Lintentry              intentry     0004
__pintentry              intentry     0004
interrupt_function       intentry     0004
_INTCON                  (abs)        000B
_INTCONbits              (abs)        000B
__Hinit                  init         000A
__Hintentry              intentry     000A
__Lend_init              end_init     000A
__Linit                  init         000A
start                    init         000A
__Hend_init              end_init     000C
__Lcinit                 cinit        000C
__initialization         cinit        000C
start_initialization     cinit        000C
___awdiv@counter         cstackBANK0  0020
___awmod@counter         cstackBANK0  0020
__pcstackBANK0           cstackBANK0  0020
___awdiv@sign            cstackBANK0  0021
___awmod@sign            cstackBANK0  0021
___awdiv@quotient        cstackBANK0  0022
main@old_button          cstackBANK0  0026
main@button              cstackBANK0  0027
__end_of__initialization cinit        0014
__pbssBANK0              bssBANK0     0028
_conteggioFinito         bssBANK0     0028
end_of_initialization    cinit        0014
_statoConteggio          bssBANK0     0029
_display                 bssBANK0     002A
__pdataBANK0             dataBANK0    002B
_conteggio               dataBANK0    002B
__Hcinit                 cinit        0016
__pmaintext              maintext     0016
_main                    maintext     0016
?_SevenSeg_Write_Write   cstackCOMMON 0070
_SevenSeg_Write$1        cstackCOMMON 0070
__pcstackCOMMON          cstackCOMMON 0070
?___awdiv                cstackCOMMON 0073
?___awmod                cstackCOMMON 0073
___awdiv@divisor         cstackCOMMON 0073
___awmod@divisor         cstackCOMMON 0073
___awdiv@dividend        cstackCOMMON 0075
___awmod@dividend        cstackCOMMON 0075
ISR@InterruptCounter2    bssCOMMON    0078
__pbssCOMMON             bssCOMMON    0078
ISR@InterruptCounter     bssCOMMON    007A
__Hspace_1               (abs)        007B
__S1                     (abs)        007B
btemp                    (abs)        007E
saved_w                  (abs)        007E
_OPTION_REG              (abs)        0081
_TRISA                   (abs)        0085
_TRISB                   (abs)        0086
___awdiv                 text2        00E4
__end_of_main            maintext     00E4
__ptext2                 text2        00E4
__Hspace_0               (abs)        01F2
__S0                     (abs)        01F2
___awmod                 text1        014D
__end_of___awdiv         text2        014D
__ptext1                 text1        014D
_ISR                     text3        01A8
__end_of___awmod         text1        01A8
__ptext3                 text3        01A8
__end_of_ISR             text3        01F1
__pidataBANK0            idataBANK0   01F1
__Hidloc                 idloc        2004
__Hspace_4               (abs)        400F
__Hconfig                config       2008
wtemp0                   (abs)        007E
