Microchip MPLAB XC8 Compiler V2.40

Linker command line:

-W-3 \
  --edf=C:\Program Files\Microchip\xc8\v2.40\pic\dat\20220703182018_en.msgs \
  -cn -h+dist/default/production\03-Contatore99.X.production.sym \
  --cmf=dist/default/production\03-Contatore99.X.production.cmf -z \
  -Q16F628A -oC:\Users\Spiro\AppData\Local\Temp\xcAsr5o.4 \
  --defsym=__MPLAB_BUILD=1 --fixupoverflow=error \
  -Mdist/default/production/03-Contatore99.X.production.map \
  --md=C:\Users\Spiro\AppData\Local\Temp\xcAsr5o.dat -E1 -ver=XC8 Compiler \
  --acfsm=1493 -ACODE=00h-07FFh -ASTRCODE=00h-07FFh -ASTRING=00h-0FFhx8 \
  -ACONST=00h-0FFhx8 -AENTRY=00h-0FFhx8 -ACOMMON=070h-07Fh \
  -ABANK0=020h-06Fh -ABANK1=0A0h-0EFh -ABANK2=0120h-014Fh \
  -ARAM=020h-06Fh,0A0h-0EFh,0120h-014Fh \
  -AABS1=020h-07Fh,0A0h-0EFh,0120h-014Fh -ASFR0=00h-01Fh -ASFR1=080h-09Fh \
  -ASFR2=0100h-011Fh -ASFR3=0180h-01EFh -ACONFIG=02007h-02007h -DCONFIG=2 \
  -AIDLOC=02000h-02003h -DIDLOC=2 -AEEDATA=00h-07Fh/02100h \
  -peeprom_data=EEDATA -DEEDATA=2 -DCODE=2 -DSTRCODE=2 -DSTRING=2 -DCONST=2 \
  -DENTRY=2 -preset_vec=00h,intentry=04h,init,end_init -ppowerup=CODE \
  -pcinit=CODE -pfunctab=ENTRY -k \
  C:\Users\Spiro\AppData\Local\Temp\xcAsr5o.o \
  dist/default/production\03-Contatore99.X.production.o 

Object code version is 3.11

Machine type is 16F628A



                Name                               Link     Load   Length Selector   Space Scale
C:\Users\Spiro\AppData\Local\Temp\xcAsr5o.o
                end_init                              A        A        1        8       0
                reset_vec                             0        0        1        0       0
                config                             2007     2007        1        0       4
                idloc                              2000     2000        4        0       5
dist/default/production\03-Contatore99.X.production.o
                cinit                                 B        B        A        8       0
                intentry                              4        4        6        8       0
                config                             2007     2007        1        0       4
                idloc                              2000     2000        4        0       5
                text4                                D9       D9       49        8       0
                text3                                15       15       69        8       0
                text2                                7E       7E       5B        8       0
                text1                               122      122       16        8       0
                maintext                            148      148        D      290       0
                cstackBANK0                          20       20        8       20       1
                cstackCOMMON                         70       70        8       70       1
                bssBANK0                             28       28        4       20       1
                dataCOMMON                           7A       7A        1       70       1
                bssCOMMON                            78       78        2       70       1
                strings                             138      138       10      270       0
                idataCOMMON                         155      155        1      290       0

TOTAL           Name                               Link     Load   Length     Space
        CLASS   CODE           
                end_init                              A        A        1         0
                cinit                                 B        B        A         0
                intentry                              4        4        6         0
                reset_vec                             0        0        1         0
                text4                                D9       D9       49         0
                text3                                15       15       69         0
                text2                                7E       7E       5B         0
                text1                               122      122       16         0
                maintext                            148      148        D         0
                idataCOMMON                         155      155        1         0

        CLASS   STRCODE        

        CLASS   STRING         
                strings                             138      138       10         0

        CLASS   CONST          

        CLASS   ENTRY          

        CLASS   COMMON         
                cstackCOMMON                         70       70        8         1
                dataCOMMON                           7A       7A        1         1
                bssCOMMON                            78       78        2         1

        CLASS   BANK0          
                cstackBANK0                          20       20        8         1
                bssBANK0                             28       28        4         1

        CLASS   BANK1          

        CLASS   BANK2          

        CLASS   RAM            

        CLASS   ABS1           
                abs_s1                               7E       7E        2         1

        CLASS   SFR0           

        CLASS   SFR1           

        CLASS   SFR2           

        CLASS   SFR3           

        CLASS   CONFIG         
                config                             2007     2007        1         4

        CLASS   IDLOC          
                idloc                              2000     2000        4         5

        CLASS   EEDATA         

        CLASS   BANK3          

        CLASS   STACK          



SEGMENTS        Name                           Load    Length   Top    Selector   Space  Class     Delta

                reset_vec                      000000  000001  000001         0       0  CODE        2
                intentry                       000004  000134  000138         8       0  CODE        2
                cstackBANK0                    000020  00000C  00002C        20       1  BANK0       1
                cstackCOMMON                   000070  00000B  00007B        70       1  COMMON      1
                strings                        000138  000010  000148       270       0  STRING      2
                maintext                       000148  00000E  000156       290       0  CODE        2


UNUSED ADDRESS RANGES

        Name                Unused          Largest block    Delta
        BANK0            002C-006F             44           1
        BANK1            00A0-00EF             50           1
        BANK2            0120-014F             30           1
        CODE             0001-0003              3           2
                         0156-07FF            6AA
        COMMON           007B-007D              3           1
        CONST            0001-0003              3           2
                         0156-07FF            100
        EEDATA           2100-217F             80           2
        ENTRY            0001-0003              3           2
                         0156-07FF            100
        RAM              002C-006F             44           1
                         00A0-00EF             50
                         0120-014F             30
        SFR0             0000-001F             20           1
        SFR1             0080-009F             20           1
        SFR2             0100-011F             20           1
        SFR3             0180-01EF             70           1
        STRCODE          0001-0003              3           2
                         0156-07FF            6AA
        STRING           0001-0003              3           2
                         0156-07FF            100

                                  Symbol Table

?___awdiv                           cstackCOMMON 0073
?___awmod                           cstackCOMMON 0073
ISR@InterruptCounter                bssBANK0     002A
ISR@InterruptCounter2               bssBANK0     0028
_INTCON                             (abs)        000B
_INTCONbits                         (abs)        000B
_ISR                                text4        00D9
_OPTION_REG                         (abs)        0081
_PORTA                              (abs)        0005
_PORTAbits                          (abs)        0005
_PORTB                              (abs)        0006
_TMR0                               (abs)        0001
_TRISA                              (abs)        0085
_TRISB                              (abs)        0086
__Habs1                             abs1         0000
__Hbank0                            bank0        0000
__Hbank1                            bank1        0000
__Hbank2                            bank2        0000
__Hbank3                            bank3        0000
__HbssBANK0                         bssBANK0     0000
__HbssCOMMON                        bssCOMMON    0000
__Hcinit                            cinit        0015
__Hclrtext                          clrtext      0000
__Hcode                             code         0000
__Hcommon                           common       0000
__Hconfig                           config       2008
__HcstackBANK0                      cstackBANK0  0000
__HcstackCOMMON                     cstackCOMMON 0000
__HdataCOMMON                       dataCOMMON   0000
__Heeprom_data                      eeprom_data  0000
__Hend_init                         end_init     000B
__Hfunctab                          functab      0000
__HidataCOMMON                      idataCOMMON  0000
__Hidloc                            idloc        2004
__Hinit                             init         000A
__Hintentry                         intentry     000A
__Hmaintext                         maintext     0000
__Hpowerup                          powerup      0000
__Hram                              ram          0000
__Hreset_vec                        reset_vec    0001
__Hsfr0                             sfr0         0000
__Hsfr1                             sfr1         0000
__Hsfr2                             sfr2         0000
__Hsfr3                             sfr3         0000
__Hspace_0                          (abs)        0156
__Hspace_1                          (abs)        007B
__Hspace_2                          (abs)        0000
__Hspace_3                          (abs)        0000
__Hspace_4                          (abs)        400F
__Hstack                            stack        0000
__Hstrings                          strings      0000
__Htext                             text         0000
__Labs1                             abs1         0000
__Lbank0                            bank0        0000
__Lbank1                            bank1        0000
__Lbank2                            bank2        0000
__Lbank3                            bank3        0000
__LbssBANK0                         bssBANK0     0000
__LbssCOMMON                        bssCOMMON    0000
__Lcinit                            cinit        000B
__Lclrtext                          clrtext      0000
__Lcode                             code         0000
__Lcommon                           common       0000
__Lconfig                           config       0000
__LcstackBANK0                      cstackBANK0  0000
__LcstackCOMMON                     cstackCOMMON 0000
__LdataCOMMON                       dataCOMMON   0000
__Leeprom_data                      eeprom_data  0000
__Lend_init                         end_init     000A
__Lfunctab                          functab      0000
__LidataCOMMON                      idataCOMMON  0000
__Lidloc                            idloc        0000
__Linit                             init         000A
__Lintentry                         intentry     0004
__Lmaintext                         maintext     0000
__Lpowerup                          powerup      0000
__Lram                              ram          0000
__Lreset_vec                        reset_vec    0000
__Lsfr0                             sfr0         0000
__Lsfr1                             sfr1         0000
__Lsfr2                             sfr2         0000
__Lsfr3                             sfr3         0000
__Lspace_0                          (abs)        0000
__Lspace_1                          (abs)        0000
__Lspace_2                          (abs)        0000
__Lspace_3                          (abs)        0000
__Lspace_4                          (abs)        0000
__Lstack                            stack        0000
__Lstrings                          strings      0000
__Ltext                             text         0000
__S0                                (abs)        0156
__S1                                (abs)        007B
__S3                                (abs)        0000
___awdiv                            text3        0015
___awdiv@counter                    cstackBANK0  0020
___awdiv@dividend                   cstackCOMMON 0075
___awdiv@divisor                    cstackCOMMON 0073
___awdiv@quotient                   cstackBANK0  0022
___awdiv@sign                       cstackBANK0  0021
___awmod                            text2        007E
___awmod@counter                    cstackBANK0  0020
___awmod@dividend                   cstackCOMMON 0075
___awmod@divisor                    cstackCOMMON 0073
___awmod@sign                       cstackBANK0  0021
___int_sp                           stack        0000
___latbits                          (abs)        0000
___sp                               stack        0000
___stackhi                          (abs)        0000
___stacklo                          (abs)        0000
__end_of_ISR                        text4        0122
__end_of___awdiv                    text3        007E
__end_of___awmod                    text2        00D9
__end_of__initialization            cinit        0013
__end_of__stringtab                 strings      013E
__end_of_main                       maintext     0155
__end_of_writeDisplay               text1        0138
__end_ofwriteDisplay@displayPattern strings      0148
__initialization                    cinit        000B
__pbssBANK0                         bssBANK0     0028
__pbssCOMMON                        bssCOMMON    0078
__pcstackBANK0                      cstackBANK0  0020
__pcstackCOMMON                     cstackCOMMON 0070
__pdataCOMMON                       dataCOMMON   007A
__pidataCOMMON                      idataCOMMON  0155
__pintentry                         intentry     0004
__pmaintext                         maintext     0148
__pstrings                          strings      0138
__ptext1                            text1        0122
__ptext2                            text2        007E
__ptext3                            text3        0015
__ptext4                            text4        00D9
__stringbase                        strings      013D
__stringtab                         strings      0138
_conteggio                          dataCOMMON   007A
_conteggioFinito                    bssCOMMON    0078
_display                            bssBANK0     002B
_main                               maintext     0148
_statoConteggio                     bssCOMMON    0079
_writeDisplay                       text1        0122
btemp                               (abs)        007E
end_of_initialization               cinit        0013
interrupt_function                  intentry     0004
intlevel0                           functab      0000
intlevel1                           functab      0000
intlevel2                           functab      0000
intlevel3                           functab      0000
intlevel4                           functab      0000
intlevel5                           functab      0000
reset_vec                           reset_vec    0000
saved_w                             (abs)        007E
start                               init         000A
start_initialization                cinit        000B
writeDisplay@display                cstackBANK0  0024
writeDisplay@displayPattern         strings      013E
writeDisplay@value                  cstackBANK0  0027
wtemp0                              (abs)        007E


MODULE INFORMATION

Module		Function		Class		Link	Load	Size
C:\Program Files\Microchip\xc8\v2.40\pic\sources\c90\common\awdiv.c
		___awdiv       		CODE           	0015	0000	105

C:\Program Files\Microchip\xc8\v2.40\pic\sources\c90\common\awdiv.c estimated size: 105

./7seg.h
		_writeDisplay  		CODE           	0122	0000	22

./7seg.h estimated size: 22

shared
		__stringtab    		STRING         	0138	0000	6
		writeDisplay@displayPattern		STRING         	013E	0000	10
		__initialization		CODE           	000B	0000	8

shared estimated size: 24

C:\Program Files\Microchip\xc8\v2.40\pic\sources\c90\common\awmod.c
		___awmod       		CODE           	007E	0000	91

C:\Program Files\Microchip\xc8\v2.40\pic\sources\c90\common\awmod.c estimated size: 91

main.c
		_ISR           		CODE           	00D9	0000	73
		_main          		CODE           	0148	0000	13

main.c estimated size: 86

