Microchip MPLAB XC8 Compiler V2.40

Linker command line:

-W-3 \
  --edf=C:\Program Files\Microchip\xc8\v2.40\pic\dat\20220703182018_en.msgs \
  -cn -h+dist/default/production\07-Temperatura.X.production.sym \
  --cmf=dist/default/production\07-Temperatura.X.production.cmf -z \
  -Q16F877A -oC:\Users\User\AppData\Local\Temp\xcAs42g.4 \
  --defsym=__MPLAB_BUILD=1 --fixupoverflow=error \
  -Mdist/default/production/07-Temperatura.X.production.map \
  --md=C:\Users\User\AppData\Local\Temp\xcAs42g.dat -E1 -ver=XC8 Compiler \
  --acfsm=1493 -ACODE=00h-07FFhx4 -ASTRCODE=00h-01FFFh -ASTRING=00h-0FFhx32 \
  -ACONST=00h-0FFhx32 -AENTRY=00h-0FFhx32 -ACOMMON=070h-07Fh \
  -ABANK0=020h-06Fh -ABANK1=0A0h-0EFh -ABANK2=0110h-016Fh \
  -ABANK3=0190h-01EFh -ARAM=020h-06Fh,0A0h-0EFh,0110h-016Fh,0190h-01EFh \
  -AABS1=020h-07Fh,0A0h-0EFh,0110h-016Fh,0190h-01EFh -ASFR0=00h-01Fh \
  -ASFR1=080h-09Fh -ASFR2=0100h-010Fh -ASFR3=0180h-018Fh \
  -ACONFIG=02007h-02007h -DCONFIG=2 -AIDLOC=02000h-02003h -DIDLOC=2 \
  -AEEDATA=00h-0FFh/02100h -peeprom_data=EEDATA -DEEDATA=2 -DCODE=2 \
  -DSTRCODE=2 -DSTRING=2 -DCONST=2 -DENTRY=2 \
  -preset_vec=00h,intentry,init,end_init -ppowerup=CODE -pcinit=CODE \
  -pfunctab=ENTRY -k C:\Users\User\AppData\Local\Temp\xcAs42g.o \
  dist/default/production\07-Temperatura.X.production.o 

Object code version is 3.11

Machine type is 16F877A



                Name                               Link     Load   Length Selector   Space Scale
C:\Users\User\AppData\Local\Temp\xcAs42g.o
                end_init                              0        0        3        0       0
                config                             2007     2007        1        0       4
                idloc                              2000     2000        4        0       5
dist/default/production\07-Temperatura.X.production.o
                cinit                               7EF      7EF       11      FDE       0
                config                             2007     2007        1        0       4
                idloc                              2000     2000        4        0       5
                text20                              9A3      9A3        9     1346       0
                text19                              A3A      A3A       2F     1474       0
                text18                              9CD      9CD       22     139A       0
                text17                              9AC      9AC       21     1358       0
                text16                                9        9        D       12       0
                text15                              B5E      B5E       65     16BC       0
                text14                              A69      A69       35     14D2       0
                text13                              AD8      AD8       42     15B0       0
                text12                              BC3      BC3       67     1786       0
                text11                              B1A      B1A       44     1634       0
                text10                              A9E      A9E       3A     153C       0
                text9                               EE3      EE3      11D     1DC6       0
                text8                               C2A      C2A       78     1854       0
                text7                               D44      D44       B8     1A88       0
                text6                               CA2      CA2       A2     1944       0
                text5                               A13      A13       27     1426       0
                text4                               4AA      4AA      345      954       0
                text3                               252      252      258      4A4       0
                text2                               9EF      9EF       24     13DE       0
                text1                                16       16      23C       2C       0
                maintext                            DFC      DFC       E7     1BF8       0
                cstackBANK0                          20       20       4A       20       1
                cstackCOMMON                         70       70        E       70       1
                cstackBANK1                          A0       A0       3B       A0       1
                bssBANK1                             DB       DB        8       A0       1
                bssBANK0                             6A       6A        1       20       1
                strings                             800      800       29     1000       0

TOTAL           Name                               Link     Load   Length     Space
        CLASS   CODE           
                end_init                              0        0        3         0
                cinit                               7EF      7EF       11         0
                text20                              9A3      9A3        9         0
                text19                              A3A      A3A       2F         0
                text18                              9CD      9CD       22         0
                text17                              9AC      9AC       21         0
                text16                                9        9        D         0
                text15                              B5E      B5E       65         0
                text14                              A69      A69       35         0
                text13                              AD8      AD8       42         0
                text12                              BC3      BC3       67         0
                text11                              B1A      B1A       44         0
                text10                              A9E      A9E       3A         0
                text9                               EE3      EE3      11D         0
                text8                               C2A      C2A       78         0
                text7                               D44      D44       B8         0
                text6                               CA2      CA2       A2         0
                text5                               A13      A13       27         0
                text4                               4AA      4AA      345         0
                text3                               252      252      258         0
                text2                               9EF      9EF       24         0
                text1                                16       16      23C         0
                maintext                            DFC      DFC       E7         0

        CLASS   STRCODE        

        CLASS   STRING         
                strings                             800      800       29         0

        CLASS   CONST          

        CLASS   ENTRY          

        CLASS   COMMON         
                cstackCOMMON                         70       70        E         1

        CLASS   BANK0          
                cstackBANK0                          20       20       4A         1
                bssBANK0                             6A       6A        1         1

        CLASS   BANK1          
                cstackBANK1                          A0       A0       3B         1
                bssBANK1                             DB       DB        8         1

        CLASS   BANK2          

        CLASS   BANK3          

        CLASS   RAM            

        CLASS   ABS1           
                abs_s1                               7E       7E        2         1

        CLASS   SFR0           

        CLASS   SFR1           

        CLASS   SFR2           

        CLASS   SFR3           

        CLASS   CONFIG         
                config                             2007     2007        1         4

        CLASS   IDLOC          
                idloc                              2000     2000        4         5

        CLASS   EEDATA         

        CLASS   STACK          



SEGMENTS        Name                           Load    Length   Top    Selector   Space  Class     Delta

                reset_vec                      000000  000003  000003         0       0  CODE        2
                text16                         000009  00000D  000016        12       0  CODE        2
                cstackBANK0                    000020  00004B  00006B        20       1  BANK0       1
                text1                          000016  00023C  000252        2C       0  CODE        2
                cstackCOMMON                   000070  00000E  00007E        70       1  COMMON      1
                cstackBANK1                    0000A0  000043  0000E3        A0       1  BANK1       1
                text3                          000252  000258  0004AA       4A4       0  CODE        2
                text4                          0004AA  000345  0007EF       954       0  CODE        2
                cinit                          0007EF  000011  000800       FDE       0  CODE        2
                strings                        000800  000029  000829      1000       0  STRING      2
                text20                         0009A3  000009  0009AC      1346       0  CODE        2
                text17                         0009AC  000021  0009CD      1358       0  CODE        2
                text18                         0009CD  000022  0009EF      139A       0  CODE        2
                text2                          0009EF  000024  000A13      13DE       0  CODE        2
                text5                          000A13  000027  000A3A      1426       0  CODE        2
                text19                         000A3A  00002F  000A69      1474       0  CODE        2
                text14                         000A69  000035  000A9E      14D2       0  CODE        2
                text10                         000A9E  00003A  000AD8      153C       0  CODE        2
                text13                         000AD8  000042  000B1A      15B0       0  CODE        2
                text11                         000B1A  000044  000B5E      1634       0  CODE        2
                text15                         000B5E  000065  000BC3      16BC       0  CODE        2
                text12                         000BC3  000067  000C2A      1786       0  CODE        2
                text8                          000C2A  000078  000CA2      1854       0  CODE        2
                text6                          000CA2  0000A2  000D44      1944       0  CODE        2
                text7                          000D44  0000B8  000DFC      1A88       0  CODE        2
                maintext                       000DFC  0000E7  000EE3      1BF8       0  CODE        2
                text9                          000EE3  00011D  001000      1DC6       0  CODE        2


UNUSED ADDRESS RANGES

        Name                Unused          Largest block    Delta
        BANK0            006B-006F              5           1
        BANK1            00E3-00EF              D           1
        BANK2            0110-016F             60           1
        BANK3            0190-01EF             60           1
        CODE             0003-0008              6           2
                         0829-09A2            17A
                         1000-1FFF            800
        CONST            0003-0008              6           2
                         0829-09A2             D7
                         1000-1FFF            100
        EEDATA           2100-21FF            100           2
        ENTRY            0003-0008              6           2
                         0829-09A2             D7
                         1000-1FFF            100
        RAM              006B-006F              5           1
                         00E3-00EF              D
                         0110-016F             60
                         0190-01EF             60
        SFR0             0000-001F             20           1
        SFR1             0080-009F             20           1
        SFR2             0100-010F             10           1
        SFR3             0180-018F             10           1
        STRCODE          0003-0008              6           2
                         0829-09A2            17A
                         1000-1FFF           1000
        STRING           0003-0008              6           2
                         0829-09A2             D7
                         1000-1FFF            100

                                  Symbol Table

?_Adc_Read                            cstackCOMMON 0070
?__Umul8_16                           cstackCOMMON 0070
?___awdiv                             cstackCOMMON 0070
?___fladd                             cstackBANK0  003A
?___flmul                             cstackBANK0  0020
?___flsub                             cstackBANK0  004E
?___fltol                             cstackBANK0  003A
?___lwdiv                             cstackCOMMON 0070
?___lwmod                             cstackCOMMON 0070
?___xxtofl                            cstackCOMMON 0070
Adc_Read@channel                      cstackCOMMON 0074
Lcd_Cmd@a                             cstackCOMMON 0073
Lcd_Port@a                            cstackCOMMON 0070
Lcd_Write_Char@a                      cstackCOMMON 0074
Lcd_Write_Char@temp                   cstackCOMMON 0072
Lcd_Write_Char@y                      cstackCOMMON 0073
Lcd_Write_Int@buffer                  cstackBANK1  00A0
Lcd_Write_Int@i                       cstackBANK1  00D9
Lcd_Write_Int@isNeg                   cstackBANK1  00D2
Lcd_Write_Int@n                       cstackBANK1  00D5
Lcd_Write_Int@n1                      cstackBANK1  00D3
Lcd_Write_Int@t                       cstackBANK1  00D7
Lcd_Write_Int@val                     cstackBANK0  0044
Lcd_Write_String@a                    cstackCOMMON 0075
Lcd_Write_String@i                    cstackCOMMON 007A
Numpad_Read@oldKeyVal                 bssBANK0     006A
SevenSeg_Write@displayPattern         strings      081C
_ADCON0                               (abs)        001F
_ADCON1                               (abs)        009F
_ADRESH                               (abs)        001E
_ADRESL                               (abs)        009E
_Adc_Init                             text20       09A3
_Adc_Read                             text19       0A3A
_CCP1CON                              (abs)        0017
_CCPR1L                               (abs)        0015
_Lcd_Clear                            text16       0009
_Lcd_Cmd                              text17       09AC
_Lcd_Init                             text15       0B5E
_Lcd_Port                             text18       09CD
_Lcd_Write_Char                       text14       0A69
_Lcd_Write_Int                        text9        0EE3
_Lcd_Write_String                     text13       0AD8
_PORTB                                (abs)        0006
_PORTC                                (abs)        0007
_PORTD                                (abs)        0008
_PORTDbits                            (abs)        0008
_PORTEbits                            (abs)        0009
_PR2                                  (abs)        0092
_T1CON                                (abs)        0010
_TMR1                                 (abs)        000E
_TRISA                                (abs)        0085
_TRISB                                (abs)        0086
_TRISC                                (abs)        0087
_TRISD                                (abs)        0088
_TRISE                                (abs)        0089
__Habs1                               abs1         0000
__Hbank0                              bank0        0000
__Hbank1                              bank1        0000
__Hbank2                              bank2        0000
__Hbank3                              bank3        0000
__HbssBANK0                           bssBANK0     0000
__HbssBANK1                           bssBANK1     0000
__Hcinit                              cinit        0800
__Hclrtext                            clrtext      0000
__Hcode                               code         0000
__Hcommon                             common       0000
__Hconfig                             config       2008
__HcstackBANK0                        cstackBANK0  0000
__HcstackBANK1                        cstackBANK1  0000
__HcstackCOMMON                       cstackCOMMON 0000
__Heeprom_data                        eeprom_data  0000
__Hend_init                           end_init     0003
__Hfunctab                            functab      0000
__Hidloc                              idloc        2004
__Hinit                               init         0000
__Hintentry                           intentry     0000
__Hmaintext                           maintext     0000
__Hpowerup                            powerup      0000
__Hram                                ram          0000
__Hreset_vec                          reset_vec    0000
__Hsfr0                               sfr0         0000
__Hsfr1                               sfr1         0000
__Hsfr2                               sfr2         0000
__Hsfr3                               sfr3         0000
__Hspace_0                            (abs)        1000
__Hspace_1                            (abs)        00E3
__Hspace_2                            (abs)        0000
__Hspace_3                            (abs)        0000
__Hspace_4                            (abs)        400F
__Hstack                              stack        0000
__Hstrings                            strings      0000
__Htext                               text         0000
__Labs1                               abs1         0000
__Lbank0                              bank0        0000
__Lbank1                              bank1        0000
__Lbank2                              bank2        0000
__Lbank3                              bank3        0000
__LbssBANK0                           bssBANK0     0000
__LbssBANK1                           bssBANK1     0000
__Lcinit                              cinit        07EF
__Lclrtext                            clrtext      0000
__Lcode                               code         0000
__Lcommon                             common       0000
__Lconfig                             config       0000
__LcstackBANK0                        cstackBANK0  0000
__LcstackBANK1                        cstackBANK1  0000
__LcstackCOMMON                       cstackCOMMON 0000
__Leeprom_data                        eeprom_data  0000
__Lend_init                           end_init     0000
__Lfunctab                            functab      0000
__Lidloc                              idloc        0000
__Linit                               init         0000
__Lintentry                           intentry     0000
__Lmaintext                           maintext     0000
__Lpowerup                            powerup      0000
__Lram                                ram          0000
__Lreset_vec                          reset_vec    0000
__Lsfr0                               sfr0         0000
__Lsfr1                               sfr1         0000
__Lsfr2                               sfr2         0000
__Lsfr3                               sfr3         0000
__Lspace_0                            (abs)        0000
__Lspace_1                            (abs)        0000
__Lspace_2                            (abs)        0000
__Lspace_3                            (abs)        0000
__Lspace_4                            (abs)        0000
__Lstack                              stack        0000
__Lstrings                            strings      0000
__Ltext                               text         0000
__S0                                  (abs)        1000
__S1                                  (abs)        00E3
__S3                                  (abs)        0000
__Umul8_16                            text5        0A13
__Umul8_16@multiplicand               cstackCOMMON 0070
__Umul8_16@multiplier                 cstackCOMMON 0078
__Umul8_16@product                    cstackCOMMON 0074
__Umul8_16@word_mpld                  cstackCOMMON 0076
___awdiv                              text12       0BC3
___awdiv@counter                      cstackCOMMON 0075
___awdiv@dividend                     cstackCOMMON 0072
___awdiv@divisor                      cstackCOMMON 0070
___awdiv@quotient                     cstackCOMMON 0077
___awdiv@sign                         cstackCOMMON 0076
___fladd                              text3        0252
___fladd@a                            cstackBANK0  003E
___fladd@aexp                         cstackBANK0  004B
___fladd@b                            cstackBANK0  003A
___fladd@bexp                         cstackBANK0  004C
___fladd@grs                          cstackBANK0  004D
___fladd@signs                        cstackBANK0  004A
___flge                               text6        0CA2
___flge@ff1                           cstackCOMMON 0070
___flge@ff2                           cstackCOMMON 0074
___flmul                              text4        04AA
___flmul@a                            cstackBANK0  0024
___flmul@aexp                         cstackBANK0  0032
___flmul@b                            cstackBANK0  0020
___flmul@bexp                         cstackBANK0  0033
___flmul@grs                          cstackBANK0  002E
___flmul@prod                         cstackBANK0  0034
___flmul@sign                         cstackBANK0  002D
___flmul@temp                         cstackBANK0  0038
___flsub                              text2        09EF
___flsub@a                            cstackBANK0  004E
___flsub@b                            cstackBANK0  0052
___fltol                              text8        0C2A
___fltol@exp1                         cstackBANK0  0043
___fltol@f1                           cstackBANK0  003A
___fltol@sign1                        cstackBANK0  0042
___int_sp                             stack        0000
___latbits                            (abs)        0002
___lwdiv                              text11       0B1A
___lwdiv@counter                      cstackCOMMON 0077
___lwdiv@dividend                     cstackCOMMON 0072
___lwdiv@divisor                      cstackCOMMON 0070
___lwdiv@quotient                     cstackCOMMON 0075
___lwmod                              text10       0A9E
___lwmod@counter                      cstackCOMMON 0075
___lwmod@dividend                     cstackCOMMON 0072
___lwmod@divisor                      cstackCOMMON 0070
___sp                                 stack        0000
___stackhi                            (abs)        0000
___stacklo                            (abs)        0000
___xxtofl                             text7        0D44
___xxtofl@arg                         cstackCOMMON 007A
___xxtofl@exp                         cstackCOMMON 0079
___xxtofl@sign                        cstackCOMMON 0078
___xxtofl@val                         cstackCOMMON 0070
__end_ofSevenSeg_Write@displayPattern strings      0826
__end_of_Adc_Init                     text20       09AC
__end_of_Adc_Read                     text19       0A69
__end_of_Lcd_Clear                    text16       0016
__end_of_Lcd_Cmd                      text17       09CD
__end_of_Lcd_Init                     text15       0BC3
__end_of_Lcd_Port                     text18       09EF
__end_of_Lcd_Write_Char               text14       0A9E
__end_of_Lcd_Write_Int                text9        1000
__end_of_Lcd_Write_String             text13       0B1A
__end_of__Umul8_16                    text5        0A3A
__end_of___awdiv                      text12       0C2A
__end_of___fladd                      text3        04AA
__end_of___flge                       text6        0D44
__end_of___flmul                      text4        07EF
__end_of___flsub                      text2        0A13
__end_of___fltol                      text8        0CA2
__end_of___lwdiv                      text11       0B5E
__end_of___lwmod                      text10       0AD8
__end_of___xxtofl                     text7        0DFC
__end_of__initialization              cinit        07FC
__end_of__stringtab                   strings      0810
__end_of_keypad                       strings      081C
__end_of_main                         maintext     0EE3
__end_of_pid_controller               text1        0252
__initialization                      cinit        07EF
__pbssBANK0                           bssBANK0     006A
__pbssBANK1                           bssBANK1     00DB
__pcstackBANK0                        cstackBANK0  0020
__pcstackBANK1                        cstackBANK1  00A0
__pcstackCOMMON                       cstackCOMMON 0070
__pmaintext                           maintext     0DFC
__pstrings                            strings      0800
__ptext1                              text1        0016
__ptext10                             text10       0A9E
__ptext11                             text11       0B1A
__ptext12                             text12       0BC3
__ptext13                             text13       0AD8
__ptext14                             text14       0A69
__ptext15                             text15       0B5E
__ptext16                             text16       0009
__ptext17                             text17       09AC
__ptext18                             text18       09CD
__ptext19                             text19       0A3A
__ptext2                              text2        09EF
__ptext20                             text20       09A3
__ptext3                              text3        0252
__ptext4                              text4        04AA
__ptext5                              text5        0A13
__ptext6                              text6        0CA2
__ptext7                              text7        0D44
__ptext8                              text8        0C2A
__ptext9                              text9        0EE3
__stringbase                          strings      080F
__stringtab                           strings      0800
_keypad                               strings      0810
_main                                 maintext     0DFC
_pid_controller                       text1        0016
_pid_controller$821                   cstackBANK0  005A
btemp                                 (abs)        007E
end_of_initialization                 cinit        07FC
intlevel0                             functab      0000
intlevel1                             functab      0000
intlevel2                             functab      0000
intlevel3                             functab      0000
intlevel4                             functab      0000
intlevel5                             functab      0000
main@old_val                          cstackBANK0  0066
main@val                              cstackBANK0  0068
pid_controller@control                cstackBANK0  005E
pid_controller@control_max            cstackBANK1  00B8
pid_controller@control_min            cstackBANK1  00B4
pid_controller@derivative             cstackBANK0  0056
pid_controller@error                  cstackBANK0  0062
pid_controller@integral               bssBANK1     00DB
pid_controller@kd                     cstackBANK1  00B0
pid_controller@ki                     cstackBANK1  00AC
pid_controller@kp                     cstackBANK1  00A8
pid_controller@previous_error         bssBANK1     00DF
pid_controller@process_variable       cstackBANK1  00A4
pid_controller@setpoint               cstackBANK1  00A0
reset_vec                             reset_vec    0000
start                                 init         0000
start_initialization                  cinit        07EF
wtemp0                                (abs)        007E


MODULE INFORMATION

Module		Function		Class		Link	Load	Size
C:\Program Files\Microchip\xc8\v2.40\pic\sources\c90\common\fltol.c
		___fltol       		CODE           	0C2A	0000	120

C:\Program Files\Microchip\xc8\v2.40\pic\sources\c90\common\fltol.c estimated size: 120

PID.c
		_pid_controller		CODE           	0016	0000	572

PID.c estimated size: 572

C:\Program Files\Microchip\xc8\v2.40\pic\sources\c90\common\awdiv.c
		___awdiv       		CODE           	0BC3	0000	103

C:\Program Files\Microchip\xc8\v2.40\pic\sources\c90\common\awdiv.c estimated size: 103

C:\Program Files\Microchip\xc8\v2.40\pic\sources\c90\common\sprcmul.c
		___flmul       		CODE           	04AA	0000	837

C:\Program Files\Microchip\xc8\v2.40\pic\sources\c90\common\sprcmul.c estimated size: 837

C:\Program Files\Microchip\xc8\v2.40\pic\sources\c90\common\Umul8_16.c
		__Umul8_16     		CODE           	0A13	0000	39

C:\Program Files\Microchip\xc8\v2.40\pic\sources\c90\common\Umul8_16.c estimated size: 39

../00-Librerie.X/Adc.c
		_Adc_Read      		CODE           	0A3A	0000	47
		_Adc_Init      		CODE           	09A3	0000	9

../00-Librerie.X/Adc.c estimated size: 56

C:\Program Files\Microchip\xc8\v2.40\pic\sources\c90\common\lwmod.c
		___lwmod       		CODE           	0A9E	0000	58

C:\Program Files\Microchip\xc8\v2.40\pic\sources\c90\common\lwmod.c estimated size: 58

shared
		__stringtab    		STRING         	0800	0000	16
		SevenSeg_Write@displayPattern		STRING         	081C	0000	10
		_keypad        		STRING         	0810	0000	12
		__initialization		CODE           	07EF	0000	13

shared estimated size: 51

../00-Librerie.X/lcd.c
		_Lcd_Write_String		CODE           	0AD8	0000	66
		_Lcd_Write_Int 		CODE           	0EE3	0000	285
		_Lcd_Init      		CODE           	0B5E	0000	101
		_Lcd_Write_Char		CODE           	0A69	0000	53
		_Lcd_Cmd       		CODE           	09AC	0000	33
		_Lcd_Clear     		CODE           	0009	0000	13
		_Lcd_Port      		CODE           	09CD	0000	34

../00-Librerie.X/lcd.c estimated size: 585

C:\Program Files\Microchip\xc8\v2.40\pic\sources\c90\common\sprcadd.c
		___flsub       		CODE           	09EF	0000	36
		___fladd       		CODE           	0252	0000	600

C:\Program Files\Microchip\xc8\v2.40\pic\sources\c90\common\sprcadd.c estimated size: 636

C:\Program Files\Microchip\xc8\v2.40\pic\sources\c90\common\flge.c
		___flge        		CODE           	0CA2	0000	162

C:\Program Files\Microchip\xc8\v2.40\pic\sources\c90\common\flge.c estimated size: 162

main.c
		_main          		CODE           	0DFC	0000	231

main.c estimated size: 231

C:\Program Files\Microchip\xc8\v2.40\pic\sources\c90\common\lwdiv.c
		___lwdiv       		CODE           	0B1A	0000	68

C:\Program Files\Microchip\xc8\v2.40\pic\sources\c90\common\lwdiv.c estimated size: 68

C:\Program Files\Microchip\xc8\v2.40\pic\sources\c90\common\xxtofl.c
		___xxtofl      		CODE           	0D44	0000	184

C:\Program Files\Microchip\xc8\v2.40\pic\sources\c90\common\xxtofl.c estimated size: 184

