Microchip MPLAB XC8 Compiler V2.40

Linker command line:

-W-3 \
  --edf=C:\Program Files\Microchip\xc8\v2.40\pic\dat\20220703182018_en.msgs \
  -cn -h+dist/default/production\07-Temperatura.X.production.sym \
  --cmf=dist/default/production\07-Temperatura.X.production.cmf -z \
  -Q16F877A -oC:\Users\User\AppData\Local\Temp\xcAsbi8.4 \
  --defsym=__MPLAB_BUILD=1 --fixupoverflow=error \
  -Mdist/default/production/07-Temperatura.X.production.map \
  --md=C:\Users\User\AppData\Local\Temp\xcAsbi8.dat -E1 -ver=XC8 Compiler \
  --acfsm=1493 -ACODE=00h-07FFhx4 -ASTRCODE=00h-01FFFh -ASTRING=00h-0FFhx32 \
  -ACONST=00h-0FFhx32 -AENTRY=00h-0FFhx32 -ACOMMON=070h-07Fh \
  -ABANK0=020h-06Fh -ABANK1=0A0h-0EFh -ABANK2=0110h-016Fh \
  -ABANK3=0190h-01EFh -ARAM=020h-06Fh,0A0h-0EFh,0110h-016Fh,0190h-01EFh \
  -AABS1=020h-07Fh,0A0h-0EFh,0110h-016Fh,0190h-01EFh -ASFR0=00h-01Fh \
  -ASFR1=080h-09Fh -ASFR2=0100h-010Fh -ASFR3=0180h-018Fh \
  -ACONFIG=02007h-02007h -DCONFIG=2 -AIDLOC=02000h-02003h -DIDLOC=2 \
  -AEEDATA=00h-0FFh/02100h -peeprom_data=EEDATA -DEEDATA=2 -DCODE=2 \
  -DSTRCODE=2 -DSTRING=2 -DCONST=2 -DENTRY=2 \
  -preset_vec=00h,intentry=04h,init,end_init -ppowerup=CODE -pcinit=CODE \
  -pfunctab=ENTRY -k C:\Users\User\AppData\Local\Temp\xcAsbi8.o \
  dist/default/production\07-Temperatura.X.production.o 

Object code version is 3.11

Machine type is 16F877A



                Name                               Link     Load   Length Selector   Space Scale
C:\Users\User\AppData\Local\Temp\xcAsbi8.o
                end_init                              C        C        3        8       0
                reset_vec                             0        0        3        0       0
                config                             2007     2007        1        0       4
                idloc                              2000     2000        4        0       5
dist/default/production\07-Temperatura.X.production.o
                cinit                                 F        F       12        8       0
                intentry                              4        4        8        8       0
                config                             2007     2007        1        0       4
                idloc                              2000     2000        4        0       5
                text21                              A5F      A5F       2C     14BE       0
                text20                              99A      99A        9     1334       0
                text19                              A8B      A8B       2F     1516       0
                text18                              9F2      9F2       22     13E4       0
                text17                              9B0      9B0       21     1360       0
                text16                              9A3      9A3        D     1346       0
                text15                              B6D      B6D       65     16DA       0
                text14                              ABA      ABA       35     1574       0
                text13                              9D1      9D1       21     13A2       0
                text12                              791      791       67        8       0
                text11                              B29      B29       44     1652       0
                text10                              AEF      AEF       3A     15DE       0
                text9                               5E6      5E6       DE        8       0
                text8                               BD2      BD2       78     17A4       0
                text7                               CEE      CEE       BA     19DC       0
                text6                               C4A      C4A       A4     1894       0
                text5                               A38      A38       27     1470       0
                text4                                21       21      345        8       0
                text3                               DA8      DA8      258     1B50       0
                text2                               A14      A14       24     1428       0
                text1                               366      366      280        8       0
                maintext                            6C4      6C4       CD        8       0
                cstackBANK0                          20       20       50       20       1
                cstackCOMMON                         70       70        B       70       1
                cstackBANK1                          A0       A0       22       A0       1
                bssBANK1                             C2       C2        B       A0       1
                bssCOMMON                            7B       7B        1       70       1
                strings                             800      800       1C     1000       0

TOTAL           Name                               Link     Load   Length     Space
        CLASS   CODE           
                end_init                              C        C        3         0
                cinit                                 F        F       12         0
                intentry                              4        4        8         0
                reset_vec                             0        0        3         0
                text21                              A5F      A5F       2C         0
                text20                              99A      99A        9         0
                text19                              A8B      A8B       2F         0
                text18                              9F2      9F2       22         0
                text17                              9B0      9B0       21         0
                text16                              9A3      9A3        D         0
                text15                              B6D      B6D       65         0
                text14                              ABA      ABA       35         0
                text13                              9D1      9D1       21         0
                text12                              791      791       67         0
                text11                              B29      B29       44         0
                text10                              AEF      AEF       3A         0
                text9                               5E6      5E6       DE         0
                text8                               BD2      BD2       78         0
                text7                               CEE      CEE       BA         0
                text6                               C4A      C4A       A4         0
                text5                               A38      A38       27         0
                text4                                21       21      345         0
                text3                               DA8      DA8      258         0
                text2                               A14      A14       24         0
                text1                               366      366      280         0
                maintext                            6C4      6C4       CD         0

        CLASS   STRCODE        

        CLASS   STRING         
                strings                             800      800       1C         0

        CLASS   CONST          

        CLASS   ENTRY          

        CLASS   COMMON         
                cstackCOMMON                         70       70        B         1
                bssCOMMON                            7B       7B        1         1

        CLASS   BANK0          
                cstackBANK0                          20       20       50         1

        CLASS   BANK1          
                cstackBANK1                          A0       A0       22         1
                bssBANK1                             C2       C2        B         1

        CLASS   BANK2          

        CLASS   BANK3          

        CLASS   RAM            

        CLASS   ABS1           
                abs_s1                               7E       7E        2         1

        CLASS   SFR0           

        CLASS   SFR1           

        CLASS   SFR2           

        CLASS   SFR3           

        CLASS   CONFIG         
                config                             2007     2007        1         4

        CLASS   IDLOC          
                idloc                              2000     2000        4         5

        CLASS   EEDATA         

        CLASS   STACK          



SEGMENTS        Name                           Load    Length   Top    Selector   Space  Class     Delta

                reset_vec                      000000  000003  000003         0       0  CODE        2
                intentry                       000004  0007F4  0007F8         8       0  CODE        2
                cstackBANK0                    000020  000050  000070        20       1  BANK0       1
                cstackCOMMON                   000070  00000C  00007C        70       1  COMMON      1
                cstackBANK1                    0000A0  00002D  0000CD        A0       1  BANK1       1
                strings                        000800  00001C  00081C      1000       0  STRING      2
                text20                         00099A  000009  0009A3      1334       0  CODE        2
                text16                         0009A3  00000D  0009B0      1346       0  CODE        2
                text17                         0009B0  000021  0009D1      1360       0  CODE        2
                text13                         0009D1  000021  0009F2      13A2       0  CODE        2
                text18                         0009F2  000022  000A14      13E4       0  CODE        2
                text2                          000A14  000024  000A38      1428       0  CODE        2
                text5                          000A38  000027  000A5F      1470       0  CODE        2
                text21                         000A5F  00002C  000A8B      14BE       0  CODE        2
                text19                         000A8B  00002F  000ABA      1516       0  CODE        2
                text14                         000ABA  000035  000AEF      1574       0  CODE        2
                text10                         000AEF  00003A  000B29      15DE       0  CODE        2
                text11                         000B29  000044  000B6D      1652       0  CODE        2
                text15                         000B6D  000065  000BD2      16DA       0  CODE        2
                text8                          000BD2  000078  000C4A      17A4       0  CODE        2
                text6                          000C4A  0000A4  000CEE      1894       0  CODE        2
                text7                          000CEE  0000BA  000DA8      19DC       0  CODE        2
                text3                          000DA8  000258  001000      1B50       0  CODE        2


UNUSED ADDRESS RANGES

        Name                Unused          Largest block    Delta
        BANK1            00CD-00EF             23           1
        BANK2            0110-016F             60           1
        BANK3            0190-01EF             60           1
        CODE             0003-0003              1           2
                         07F8-07FF              8
                         081C-0999            17E
                         1000-1FFF            800
        COMMON           007C-007D              2           1
        CONST            0003-0003              1           2
                         07F8-07FF              8
                         081C-0999             E4
                         1000-1FFF            100
        EEDATA           2100-21FF            100           2
        ENTRY            0003-0003              1           2
                         07F8-07FF              8
                         081C-0999             E4
                         1000-1FFF            100
        RAM              00CD-00EF             23           1
                         0110-016F             60
                         0190-01EF             60
        SFR0             0000-001F             20           1
        SFR1             0080-009F             20           1
        SFR2             0100-010F             10           1
        SFR3             0180-018F             10           1
        STRCODE          0003-0003              1           2
                         07F8-07FF              8
                         081C-0999            17E
                         1000-1FFF           1000
        STRING           0003-0003              1           2
                         07F8-07FF              8
                         081C-0999             E4
                         1000-1FFF            100

                                  Symbol Table

?_Adc_Read                            cstackCOMMON 0072
?__Umul8_16                           cstackCOMMON 0072
?___awdiv                             cstackCOMMON 0072
?___fladd                             cstackBANK0  003A
?___flmul                             cstackBANK0  0020
?___flsub                             cstackBANK0  004E
?___fltol                             cstackBANK0  0066
?___lwdiv                             cstackCOMMON 0072
?___lwmod                             cstackCOMMON 0072
?___xxtofl                            cstackCOMMON 0072
?_pid_controller                      cstackBANK1  00A0
Adc_Read@channel                      cstackCOMMON 0076
Lcd_Cmd@a                             cstackCOMMON 0075
Lcd_Port@a                            cstackCOMMON 0072
Lcd_Write_Char@a                      cstackCOMMON 0076
Lcd_Write_Char@temp                   cstackCOMMON 0074
Lcd_Write_Char@y                      cstackCOMMON 0075
Lcd_Write_Int@buffer                  cstackBANK0  0025
Lcd_Write_Int@i                       cstackBANK0  005E
Lcd_Write_Int@isNeg                   cstackBANK0  0057
Lcd_Write_Int@n                       cstackBANK0  005A
Lcd_Write_Int@n1                      cstackBANK0  0058
Lcd_Write_Int@t                       cstackBANK0  005C
Lcd_Write_Int@val                     cstackBANK0  0020
Lcd_Write_String@a                    cstackCOMMON 007A
Lcd_Write_String@i                    cstackCOMMON 0078
Numpad_Read@oldKeyVal                 bssCOMMON    007B
SevenSeg_Write@displayPattern         strings      0812
_ADCON0                               (abs)        001F
_ADCON1                               (abs)        009F
_ADRESH                               (abs)        001E
_ADRESL                               (abs)        009E
_Adc_Init                             text20       099A
_Adc_Read                             text19       0A8B
_INTCON                               (abs)        000B
_ISR                                  text21       0A5F
_Lcd_Clear                            text16       09A3
_Lcd_Cmd                              text17       09B0
_Lcd_Init                             text15       0B6D
_Lcd_Port                             text18       09F2
_Lcd_Write_Char                       text14       0ABA
_Lcd_Write_Int                        text9        05E6
_Lcd_Write_String                     text13       09D1
_OPTION_REG                           (abs)        0081
_PORTB                                (abs)        0006
_PORTC                                (abs)        0007
_PORTCbits                            (abs)        0007
_PORTD                                (abs)        0008
_PORTDbits                            (abs)        0008
_PORTEbits                            (abs)        0009
_T0IF                                 (abs)        005A
_TMR0                                 (abs)        0001
_TRISA                                (abs)        0085
_TRISB                                (abs)        0086
_TRISC                                (abs)        0087
_TRISD                                (abs)        0088
_TRISE                                (abs)        0089
__Habs1                               abs1         0000
__Hbank0                              bank0        0000
__Hbank1                              bank1        0000
__Hbank2                              bank2        0000
__Hbank3                              bank3        0000
__HbssBANK1                           bssBANK1     0000
__HbssCOMMON                          bssCOMMON    0000
__Hcinit                              cinit        0021
__Hclrtext                            clrtext      0000
__Hcode                               code         0000
__Hcommon                             common       0000
__Hconfig                             config       2008
__HcstackBANK0                        cstackBANK0  0000
__HcstackBANK1                        cstackBANK1  0000
__HcstackCOMMON                       cstackCOMMON 0000
__Heeprom_data                        eeprom_data  0000
__Hend_init                           end_init     000F
__Hfunctab                            functab      0000
__Hidloc                              idloc        2004
__Hinit                               init         000C
__Hintentry                           intentry     000C
__Hmaintext                           maintext     0000
__Hpowerup                            powerup      0000
__Hram                                ram          0000
__Hreset_vec                          reset_vec    0003
__Hsfr0                               sfr0         0000
__Hsfr1                               sfr1         0000
__Hsfr2                               sfr2         0000
__Hsfr3                               sfr3         0000
__Hspace_0                            (abs)        1000
__Hspace_1                            (abs)        00CD
__Hspace_2                            (abs)        0000
__Hspace_3                            (abs)        0000
__Hspace_4                            (abs)        400F
__Hstack                              stack        0000
__Hstrings                            strings      0000
__Htext                               text         0000
__Labs1                               abs1         0000
__Lbank0                              bank0        0000
__Lbank1                              bank1        0000
__Lbank2                              bank2        0000
__Lbank3                              bank3        0000
__LbssBANK1                           bssBANK1     0000
__LbssCOMMON                          bssCOMMON    0000
__Lcinit                              cinit        000F
__Lclrtext                            clrtext      0000
__Lcode                               code         0000
__Lcommon                             common       0000
__Lconfig                             config       0000
__LcstackBANK0                        cstackBANK0  0000
__LcstackBANK1                        cstackBANK1  0000
__LcstackCOMMON                       cstackCOMMON 0000
__Leeprom_data                        eeprom_data  0000
__Lend_init                           end_init     000C
__Lfunctab                            functab      0000
__Lidloc                              idloc        0000
__Linit                               init         000C
__Lintentry                           intentry     0004
__Lmaintext                           maintext     0000
__Lpowerup                            powerup      0000
__Lram                                ram          0000
__Lreset_vec                          reset_vec    0000
__Lsfr0                               sfr0         0000
__Lsfr1                               sfr1         0000
__Lsfr2                               sfr2         0000
__Lsfr3                               sfr3         0000
__Lspace_0                            (abs)        0000
__Lspace_1                            (abs)        0000
__Lspace_2                            (abs)        0000
__Lspace_3                            (abs)        0000
__Lspace_4                            (abs)        0000
__Lstack                              stack        0000
__Lstrings                            strings      0000
__Ltext                               text         0000
__S0                                  (abs)        1000
__S1                                  (abs)        00CD
__S3                                  (abs)        0000
__Umul8_16                            text5        0A38
__Umul8_16@multiplicand               cstackCOMMON 0072
__Umul8_16@multiplier                 cstackCOMMON 007A
__Umul8_16@product                    cstackCOMMON 0076
__Umul8_16@word_mpld                  cstackCOMMON 0078
___awdiv                              text12       0791
___awdiv@counter                      cstackCOMMON 0077
___awdiv@dividend                     cstackCOMMON 0074
___awdiv@divisor                      cstackCOMMON 0072
___awdiv@quotient                     cstackCOMMON 0079
___awdiv@sign                         cstackCOMMON 0078
___fladd                              text3        0DA8
___fladd@a                            cstackBANK0  003E
___fladd@aexp                         cstackBANK0  004B
___fladd@b                            cstackBANK0  003A
___fladd@bexp                         cstackBANK0  004C
___fladd@grs                          cstackBANK0  004D
___fladd@signs                        cstackBANK0  004A
___flge                               text6        0C4A
___flge@ff1                           cstackCOMMON 0072
___flge@ff2                           cstackCOMMON 0076
___flmul                              text4        0021
___flmul@a                            cstackBANK0  0024
___flmul@aexp                         cstackBANK0  0032
___flmul@b                            cstackBANK0  0020
___flmul@bexp                         cstackBANK0  0033
___flmul@grs                          cstackBANK0  002E
___flmul@prod                         cstackBANK0  0034
___flmul@sign                         cstackBANK0  002D
___flmul@temp                         cstackBANK0  0038
___flsub                              text2        0A14
___flsub@a                            cstackBANK0  004E
___flsub@b                            cstackBANK0  0052
___fltol                              text8        0BD2
___fltol@exp1                         cstackBANK0  006F
___fltol@f1                           cstackBANK0  0066
___fltol@sign1                        cstackBANK0  006E
___int_sp                             stack        0000
___latbits                            (abs)        0002
___lwdiv                              text11       0B29
___lwdiv@counter                      cstackCOMMON 0079
___lwdiv@dividend                     cstackCOMMON 0074
___lwdiv@divisor                      cstackCOMMON 0072
___lwdiv@quotient                     cstackCOMMON 0077
___lwmod                              text10       0AEF
___lwmod@counter                      cstackCOMMON 0077
___lwmod@dividend                     cstackCOMMON 0074
___lwmod@divisor                      cstackCOMMON 0072
___sp                                 stack        0000
___stackhi                            (abs)        0000
___stacklo                            (abs)        0000
___xxtofl                             text7        0CEE
___xxtofl@arg                         cstackBANK0  0022
___xxtofl@exp                         cstackBANK0  0021
___xxtofl@sign                        cstackBANK0  0020
___xxtofl@val                         cstackCOMMON 0072
__end_ofSevenSeg_Write@displayPattern strings      081C
__end_of_Adc_Init                     text20       09A3
__end_of_Adc_Read                     text19       0ABA
__end_of_ISR                          text21       0A8B
__end_of_Lcd_Clear                    text16       09B0
__end_of_Lcd_Cmd                      text17       09D1
__end_of_Lcd_Init                     text15       0BD2
__end_of_Lcd_Port                     text18       0A14
__end_of_Lcd_Write_Char               text14       0AEF
__end_of_Lcd_Write_Int                text9        06C4
__end_of_Lcd_Write_String             text13       09F2
__end_of__Umul8_16                    text5        0A5F
__end_of___awdiv                      text12       07F8
__end_of___fladd                      text3        1000
__end_of___flge                       text6        0CEE
__end_of___flmul                      text4        0366
__end_of___flsub                      text2        0A38
__end_of___fltol                      text8        0C4A
__end_of___lwdiv                      text11       0B6D
__end_of___lwmod                      text10       0B29
__end_of___xxtofl                     text7        0DA8
__end_of__initialization              cinit        001D
__end_of__stringtab                   strings      0806
__end_of_keypad                       strings      0812
__end_of_main                         maintext     0791
__end_of_pid_controller               text1        05E6
__initialization                      cinit        000F
__pbssBANK1                           bssBANK1     00C2
__pbssCOMMON                          bssCOMMON    007B
__pcstackBANK0                        cstackBANK0  0020
__pcstackBANK1                        cstackBANK1  00A0
__pcstackCOMMON                       cstackCOMMON 0070
__pintentry                           intentry     0004
__pmaintext                           maintext     06C4
__pstrings                            strings      0800
__ptext1                              text1        0366
__ptext10                             text10       0AEF
__ptext11                             text11       0B29
__ptext12                             text12       0791
__ptext13                             text13       09D1
__ptext14                             text14       0ABA
__ptext15                             text15       0B6D
__ptext16                             text16       09A3
__ptext17                             text17       09B0
__ptext18                             text18       09F2
__ptext19                             text19       0A8B
__ptext2                              text2        0A14
__ptext20                             text20       099A
__ptext21                             text21       0A5F
__ptext3                              text3        0DA8
__ptext4                              text4        0021
__ptext5                              text5        0A38
__ptext6                              text6        0C4A
__ptext7                              text7        0CEE
__ptext8                              text8        0BD2
__ptext9                              text9        05E6
__stringbase                          strings      0805
__stringtab                           strings      0800
_duty                                 bssBANK1     00CC
_high_time                            bssBANK1     00CB
_keypad                               strings      0806
_low_time                             bssBANK1     00CA
_main                                 maintext     06C4
_pid_controller                       text1        0366
_pid_controller$855                   cstackBANK0  005A
btemp                                 (abs)        007E
end_of_initialization                 cinit        001D
interrupt_function                    intentry     0004
intlevel0                             functab      0000
intlevel1                             functab      0000
intlevel2                             functab      0000
intlevel3                             functab      0000
intlevel4                             functab      0000
intlevel5                             functab      0000
main@old_val                          cstackBANK1  00BE
main@val                              cstackBANK1  00C0
pid_controller@control                cstackBANK0  005E
pid_controller@control_max            cstackBANK1  00B8
pid_controller@control_min            cstackBANK1  00B4
pid_controller@derivative             cstackBANK0  0056
pid_controller@error                  cstackBANK0  0062
pid_controller@integral               bssBANK1     00C2
pid_controller@kd                     cstackBANK1  00B0
pid_controller@ki                     cstackBANK1  00AC
pid_controller@kp                     cstackBANK1  00A8
pid_controller@previous_error         bssBANK1     00C6
pid_controller@process_variable       cstackBANK1  00A4
pid_controller@setpoint               cstackBANK1  00A0
reset_vec                             reset_vec    0000
saved_w                               (abs)        007E
start                                 init         000C
start_initialization                  cinit        000F
wtemp0                                (abs)        007E


MODULE INFORMATION

Module		Function		Class		Link	Load	Size
C:\Program Files\Microchip\xc8\v2.40\pic\sources\c90\common\fltol.c
		___fltol       		CODE           	0BD2	0000	120

C:\Program Files\Microchip\xc8\v2.40\pic\sources\c90\common\fltol.c estimated size: 120

PID.c
		_pid_controller		CODE           	0366	0000	640

PID.c estimated size: 640

C:\Program Files\Microchip\xc8\v2.40\pic\sources\c90\common\awdiv.c
		___awdiv       		CODE           	0791	0000	103

C:\Program Files\Microchip\xc8\v2.40\pic\sources\c90\common\awdiv.c estimated size: 103

C:\Program Files\Microchip\xc8\v2.40\pic\sources\c90\common\sprcmul.c
		___flmul       		CODE           	0021	0000	837

C:\Program Files\Microchip\xc8\v2.40\pic\sources\c90\common\sprcmul.c estimated size: 837

C:\Program Files\Microchip\xc8\v2.40\pic\sources\c90\common\Umul8_16.c
		__Umul8_16     		CODE           	0A38	0000	39

C:\Program Files\Microchip\xc8\v2.40\pic\sources\c90\common\Umul8_16.c estimated size: 39

../00-Librerie.X/Adc.c
		_Adc_Read      		CODE           	0A8B	0000	47
		_Adc_Init      		CODE           	099A	0000	9

../00-Librerie.X/Adc.c estimated size: 56

C:\Program Files\Microchip\xc8\v2.40\pic\sources\c90\common\lwmod.c
		___lwmod       		CODE           	0AEF	0000	58

C:\Program Files\Microchip\xc8\v2.40\pic\sources\c90\common\lwmod.c estimated size: 58

shared
		__stringtab    		STRING         	0800	0000	6
		SevenSeg_Write@displayPattern		STRING         	0812	0000	10
		_keypad        		STRING         	0806	0000	12
		__initialization		CODE           	000F	0000	14

shared estimated size: 42

../00-Librerie.X/lcd.c
		_Lcd_Write_String		CODE           	09D1	0000	33
		_Lcd_Write_Int 		CODE           	05E6	0000	222
		_Lcd_Init      		CODE           	0B6D	0000	101
		_Lcd_Write_Char		CODE           	0ABA	0000	53
		_Lcd_Cmd       		CODE           	09B0	0000	33
		_Lcd_Clear     		CODE           	09A3	0000	13
		_Lcd_Port      		CODE           	09F2	0000	34

../00-Librerie.X/lcd.c estimated size: 489

C:\Program Files\Microchip\xc8\v2.40\pic\sources\c90\common\sprcadd.c
		___flsub       		CODE           	0A14	0000	36
		___fladd       		CODE           	0DA8	0000	600

C:\Program Files\Microchip\xc8\v2.40\pic\sources\c90\common\sprcadd.c estimated size: 636

C:\Program Files\Microchip\xc8\v2.40\pic\sources\c90\common\flge.c
		___flge        		CODE           	0C4A	0000	164

C:\Program Files\Microchip\xc8\v2.40\pic\sources\c90\common\flge.c estimated size: 164

main.c
		_ISR           		CODE           	0A5F	0000	44
		_main          		CODE           	06C4	0000	205

main.c estimated size: 249

C:\Program Files\Microchip\xc8\v2.40\pic\sources\c90\common\lwdiv.c
		___lwdiv       		CODE           	0B29	0000	68

C:\Program Files\Microchip\xc8\v2.40\pic\sources\c90\common\lwdiv.c estimated size: 68

C:\Program Files\Microchip\xc8\v2.40\pic\sources\c90\common\xxtofl.c
		___xxtofl      		CODE           	0CEE	0000	186

C:\Program Files\Microchip\xc8\v2.40\pic\sources\c90\common\xxtofl.c estimated size: 186

