Microchip MPLAB XC8 Compiler V2.40

Linker command line:

-W-3 \
  --edf=C:\Program Files\Microchip\xc8\v2.40\pic\dat\20220703182018_en.msgs \
  -cn -h+dist/default/production\08-Simulazione.X.production.sym \
  --cmf=dist/default/production\08-Simulazione.X.production.cmf -z \
  -Q16F877A -oC:\Users\Spiro\AppData\Local\Temp\xcAsj7s.4 \
  --defsym=__MPLAB_BUILD=1 --fixupoverflow=error \
  -Mdist/default/production/08-Simulazione.X.production.map \
  --md=C:\Users\Spiro\AppData\Local\Temp\xcAsj7s.dat -E1 -ver=XC8 Compiler \
  --acfsm=1493 -ACODE=00h-07FFhx4 -ASTRCODE=00h-01FFFh -ASTRING=00h-0FFhx32 \
  -ACONST=00h-0FFhx32 -AENTRY=00h-0FFhx32 -ACOMMON=070h-07Fh \
  -ABANK0=020h-06Fh -ABANK1=0A0h-0EFh -ABANK2=0110h-016Fh \
  -ABANK3=0190h-01EFh -ARAM=020h-06Fh,0A0h-0EFh,0110h-016Fh,0190h-01EFh \
  -AABS1=020h-07Fh,0A0h-0EFh,0110h-016Fh,0190h-01EFh -ASFR0=00h-01Fh \
  -ASFR1=080h-09Fh -ASFR2=0100h-010Fh -ASFR3=0180h-018Fh \
  -ACONFIG=02007h-02007h -DCONFIG=2 -AIDLOC=02000h-02003h -DIDLOC=2 \
  -AEEDATA=00h-0FFh/02100h -peeprom_data=EEDATA -DEEDATA=2 -DCODE=2 \
  -DSTRCODE=2 -DSTRING=2 -DCONST=2 -DENTRY=2 \
  -preset_vec=00h,intentry=04h,init,end_init -ppowerup=CODE -pcinit=CODE \
  -pfunctab=ENTRY -k C:\Users\Spiro\AppData\Local\Temp\xcAsj7s.o \
  dist/default/production\08-Simulazione.X.production.o 

Object code version is 3.11

Machine type is 16F877A



                Name                               Link     Load   Length Selector   Space Scale
C:\Users\Spiro\AppData\Local\Temp\xcAsj7s.o
                end_init                              E        E        3        8       0
                reset_vec                             0        0        3        0       0
                config                             2007     2007        1        0       4
                idloc                              2000     2000        4        0       5
dist/default/production\08-Simulazione.X.production.o
                cinit                                11       11       16        8       0
                intentry                              4        4        A        8       0
                config                             2007     2007        1        0       4
                idloc                              2000     2000        4        0       5
                text11                              339      339       22      5A0       0
                text10                              317      317       22      5A0       0
                text9                               35B      35B       21      5A0       0
                text8                               1C6      1C6       65        8       0
                text7                               268      268       35        8       0
                text6                               2D0      2D0       25      5A0       0
                text5                                C4       C4       8B        8       0
                text4                               37C      37C       14      5A0       0
                text3                               2F5      2F5       22      5A0       0
                text2                                27       27       9D        8       0
                text1                               22B      22B       3D        8       0
                maintext                            14F      14F       77        8       0
                cstackBANK0                          20       20       13       20       1
                cstackCOMMON                         70       70        A       70       1
                bssBANK0                             33       33        F       20       1
                bssCOMMON                            7A       7A        1       70       1
                strings                             29D      29D       33      53A       0

TOTAL           Name                               Link     Load   Length     Space
        CLASS   CODE           
                end_init                              E        E        3         0
                cinit                                11       11       16         0
                intentry                              4        4        A         0
                reset_vec                             0        0        3         0
                text11                              339      339       22         0
                text10                              317      317       22         0
                text9                               35B      35B       21         0
                text8                               1C6      1C6       65         0
                text7                               268      268       35         0
                text6                               2D0      2D0       25         0
                text5                                C4       C4       8B         0
                text4                               37C      37C       14         0
                text3                               2F5      2F5       22         0
                text2                                27       27       9D         0
                text1                               22B      22B       3D         0
                maintext                            14F      14F       77         0

        CLASS   STRCODE        

        CLASS   STRING         
                strings                             29D      29D       33         0

        CLASS   CONST          

        CLASS   ENTRY          

        CLASS   COMMON         
                cstackCOMMON                         70       70        A         1
                bssCOMMON                            7A       7A        1         1

        CLASS   BANK0          
                cstackBANK0                          20       20       13         1
                bssBANK0                             33       33        F         1

        CLASS   BANK1          

        CLASS   BANK2          

        CLASS   BANK3          

        CLASS   RAM            

        CLASS   ABS1           
                abs_s1                               7E       7E        2         1

        CLASS   SFR0           

        CLASS   SFR1           

        CLASS   SFR2           

        CLASS   SFR3           

        CLASS   CONFIG         
                config                             2007     2007        1         4

        CLASS   IDLOC          
                idloc                              2000     2000        4         5

        CLASS   EEDATA         

        CLASS   STACK          



SEGMENTS        Name                           Load    Length   Top    Selector   Space  Class     Delta

                reset_vec                      000000  000003  000003         0       0  CODE        2
                intentry                       000004  000299  00029D         8       0  CODE        2
                cstackBANK0                    000020  000022  000042        20       1  BANK0       1
                cstackCOMMON                   000070  00000B  00007B        70       1  COMMON      1
                strings                        00029D  000033  0002D0       53A       0  STRING      2
                text6                          0002D0  0000C0  000390       5A0       0  CODE        2


UNUSED ADDRESS RANGES

        Name                Unused          Largest block    Delta
        BANK0            0042-006F             2E           1
        BANK1            00A0-00EF             50           1
        BANK2            0110-016F             60           1
        BANK3            0190-01EF             60           1
        CODE             0003-0003              1           2
                         0390-1FFF            800
        COMMON           007B-007D              3           1
        CONST            0003-0003              1           2
                         0390-1FFF            100
        EEDATA           2100-21FF            100           2
        ENTRY            0003-0003              1           2
                         0390-1FFF            100
        RAM              0042-006F             2E           1
                         00A0-00EF             50
                         0110-016F             60
                         0190-01EF             60
        SFR0             0000-001F             20           1
        SFR1             0080-009F             20           1
        SFR2             0100-010F             10           1
        SFR3             0180-018F             10           1
        STRCODE          0003-0003              1           2
                         0390-1FFF           1C70
        STRING           0003-0003              1           2
                         0390-1FFF            100

                                  Symbol Table

?___aldiv                             cstackBANK0  0020
Lcd_Cmd@a                             cstackCOMMON 0076
Lcd_Port@a                            cstackCOMMON 0073
Lcd_Write_Char@a                      cstackCOMMON 0077
Lcd_Write_Char@temp                   cstackCOMMON 0075
Lcd_Write_Char@y                      cstackCOMMON 0076
Lcd_Write_String@a                    cstackBANK0  0022
Lcd_Write_String@i                    cstackBANK0  0020
Numpad_Read@colScan                   cstackCOMMON 0077
Numpad_Read@currentKey                cstackCOMMON 0075
Numpad_Read@currentKeyVal             cstackCOMMON 0076
Numpad_Read@oldKeyVal                 bssCOMMON    007A
Numpad_Read@rowScan                   cstackCOMMON 0078
SevenSeg_Write@displayPattern         strings      02AF
UART_TxChar@ch                        cstackCOMMON 0074
UART_TxString@i                       cstackCOMMON 0076
UART_TxString@str                     cstackCOMMON 0077
UART_init@baudrate                    cstackBANK0  0028
_ADCON0                               (abs)        001F
_ADCON1                               (abs)        009F
_ADRESH                               (abs)        001E
_ADRESL                               (abs)        009E
_INTCON                               (abs)        000B
_ISR                                  text11       0339
_Lcd_Cmd                              text9        035B
_Lcd_Init                             text8        01C6
_Lcd_Port                             text10       0317
_Lcd_Write_Char                       text7        0268
_Lcd_Write_String                     text6        02D0
_Numpad_Read                          text5        00C4
_PIE1                                 (abs)        008C
_PIR1                                 (abs)        000C
_PORTB                                (abs)        0006
_PORTD                                (abs)        0008
_PORTDbits                            (abs)        0008
_PORTEbits                            (abs)        0009
_RCIF                                 (abs)        0065
_RCREG                                (abs)        001A
_RCSTA                                (abs)        0018
_SPBRG                                (abs)        0099
_TRISA                                (abs)        0085
_TRISB                                (abs)        0086
_TRISC                                (abs)        0087
_TRISD                                (abs)        0088
_TRISE                                (abs)        0089
_TXREG                                (abs)        0019
_TXSTA                                (abs)        0098
_UART_TxChar                          text4        037C
_UART_TxString                        text3        02F5
_UART_init                            text1        022B
__Habs1                               abs1         0000
__Hbank0                              bank0        0000
__Hbank1                              bank1        0000
__Hbank2                              bank2        0000
__Hbank3                              bank3        0000
__HbssBANK0                           bssBANK0     0000
__HbssCOMMON                          bssCOMMON    0000
__Hcinit                              cinit        0027
__Hclrtext                            clrtext      0000
__Hcode                               code         0000
__Hcommon                             common       0000
__Hconfig                             config       2008
__HcstackBANK0                        cstackBANK0  0000
__HcstackCOMMON                       cstackCOMMON 0000
__Heeprom_data                        eeprom_data  0000
__Hend_init                           end_init     0011
__Hfunctab                            functab      0000
__Hidloc                              idloc        2004
__Hinit                               init         000E
__Hintentry                           intentry     000E
__Hmaintext                           maintext     0000
__Hpowerup                            powerup      0000
__Hram                                ram          0000
__Hreset_vec                          reset_vec    0003
__Hsfr0                               sfr0         0000
__Hsfr1                               sfr1         0000
__Hsfr2                               sfr2         0000
__Hsfr3                               sfr3         0000
__Hspace_0                            (abs)        0390
__Hspace_1                            (abs)        007B
__Hspace_2                            (abs)        0000
__Hspace_3                            (abs)        0000
__Hspace_4                            (abs)        400F
__Hstack                              stack        0000
__Hstrings                            strings      0000
__Htext                               text         0000
__Labs1                               abs1         0000
__Lbank0                              bank0        0000
__Lbank1                              bank1        0000
__Lbank2                              bank2        0000
__Lbank3                              bank3        0000
__LbssBANK0                           bssBANK0     0000
__LbssCOMMON                          bssCOMMON    0000
__Lcinit                              cinit        0011
__Lclrtext                            clrtext      0000
__Lcode                               code         0000
__Lcommon                             common       0000
__Lconfig                             config       0000
__LcstackBANK0                        cstackBANK0  0000
__LcstackCOMMON                       cstackCOMMON 0000
__Leeprom_data                        eeprom_data  0000
__Lend_init                           end_init     000E
__Lfunctab                            functab      0000
__Lidloc                              idloc        0000
__Linit                               init         000E
__Lintentry                           intentry     0004
__Lmaintext                           maintext     0000
__Lpowerup                            powerup      0000
__Lram                                ram          0000
__Lreset_vec                          reset_vec    0000
__Lsfr0                               sfr0         0000
__Lsfr1                               sfr1         0000
__Lsfr2                               sfr2         0000
__Lsfr3                               sfr3         0000
__Lspace_0                            (abs)        0000
__Lspace_1                            (abs)        0000
__Lspace_2                            (abs)        0000
__Lspace_3                            (abs)        0000
__Lspace_4                            (abs)        0000
__Lstack                              stack        0000
__Lstrings                            strings      0000
__Ltext                               text         0000
__S0                                  (abs)        0390
__S1                                  (abs)        007B
__S3                                  (abs)        0000
___aldiv                              text2        0027
___aldiv@counter                      cstackCOMMON 0074
___aldiv@dividend                     cstackBANK0  0024
___aldiv@divisor                      cstackBANK0  0020
___aldiv@quotient                     cstackCOMMON 0076
___aldiv@sign                         cstackCOMMON 0075
___int_sp                             stack        0000
___latbits                            (abs)        0002
___sp                                 stack        0000
___stackhi                            (abs)        0000
___stacklo                            (abs)        0000
__end_ofSevenSeg_Write@displayPattern strings      02B9
__end_of_ISR                          text11       035B
__end_of_Lcd_Cmd                      text9        037C
__end_of_Lcd_Init                     text8        022B
__end_of_Lcd_Port                     text10       0339
__end_of_Lcd_Write_Char               text7        029D
__end_of_Lcd_Write_String             text6        02F5
__end_of_Numpad_Read                  text5        014F
__end_of_UART_TxChar                  text4        0390
__end_of_UART_TxString                text3        0317
__end_of_UART_init                    text1        0268
__end_of___aldiv                      text2        00C4
__end_of__initialization              cinit        0023
__end_of__stringtab                   strings      02A3
__end_of_keypad                       strings      02AF
__end_of_main                         maintext     01C6
__end_ofmain@Clear_Display_UART       strings      02BE
__end_ofmain@Led_On_UART              strings      02C3
__initialization                      cinit        0011
__pbssBANK0                           bssBANK0     0033
__pbssCOMMON                          bssCOMMON    007A
__pcstackBANK0                        cstackBANK0  0020
__pcstackCOMMON                       cstackCOMMON 0070
__pintentry                           intentry     0004
__pmaintext                           maintext     014F
__pstrings                            strings      029D
__ptext1                              text1        022B
__ptext10                             text10       0317
__ptext11                             text11       0339
__ptext2                              text2        0027
__ptext3                              text3        02F5
__ptext4                              text4        037C
__ptext5                              text5        00C4
__ptext6                              text6        02D0
__ptext7                              text7        0268
__ptext8                              text8        01C6
__ptext9                              text9        035B
__stringbase                          strings      02A2
__stringtab                           strings      029D
_button                               bssBANK0     003E
_dato                                 bssBANK0     0040
_i                                    bssBANK0     003B
_keypad                               strings      02A3
_main                                 maintext     014F
_old_button                           bssBANK0     003D
_received                             bssBANK0     003F
btemp                                 (abs)        007E
end_of_initialization                 cinit        0023
interrupt_function                    intentry     0004
intlevel0                             functab      0000
intlevel1                             functab      0000
intlevel2                             functab      0000
intlevel3                             functab      0000
intlevel4                             functab      0000
intlevel5                             functab      0000
main@Clear_Display_UART               strings      02B9
main@Led_On_UART                      strings      02BE
main@numpadSelection                  cstackBANK0  0032
pid_controller@integral               bssBANK0     0033
pid_controller@previous_error         bssBANK0     0037
reset_vec                             reset_vec    0000
saved_w                               (abs)        007E
start                                 init         000E
start_initialization                  cinit        0011
wtemp0                                (abs)        007E


MODULE INFORMATION

Module		Function		Class		Link	Load	Size
../00-Librerie.X/UART.c
		_UART_TxString 		CODE           	02F5	0000	34
		_UART_init     		CODE           	022B	0000	61
		_UART_TxChar   		CODE           	037C	0000	20

../00-Librerie.X/UART.c estimated size: 115

C:\Program Files\Microchip\xc8\v2.40\pic\sources\c90\common\aldiv.c
		___aldiv       		CODE           	0027	0000	157

C:\Program Files\Microchip\xc8\v2.40\pic\sources\c90\common\aldiv.c estimated size: 157

shared
		__stringtab    		STRING         	029D	0000	6
		SevenSeg_Write@displayPattern		STRING         	02AF	0000	10
		_keypad        		STRING         	02A3	0000	12
		__initialization		CODE           	0011	0000	18
		main@Clear_Display_UART		STRING         	02B9	0000	5
		main@Led_On_UART		STRING         	02BE	0000	5

shared estimated size: 56

../00-Librerie.X/lcd.c
		_Lcd_Write_String		CODE           	02D0	0000	37
		_Lcd_Init      		CODE           	01C6	0000	101
		_Lcd_Write_Char		CODE           	0268	0000	53
		_Lcd_Cmd       		CODE           	035B	0000	33
		_Lcd_Port      		CODE           	0317	0000	34

../00-Librerie.X/lcd.c estimated size: 258

../00-Librerie.X/numpad.c
		_Numpad_Read   		CODE           	00C4	0000	139

../00-Librerie.X/numpad.c estimated size: 139

../00-Librerie.X/main.c
		_ISR           		CODE           	0339	0000	34
		_main          		CODE           	014F	0000	119

../00-Librerie.X/main.c estimated size: 153

