Microchip MPLAB XC8 Compiler V2.40

Linker command line:

-W-3 \
  --edf=C:\Program Files\Microchip\xc8\v2.40\pic\dat\20220703182018_en.msgs \
  -cn -h+dist/default/production\09-UART.X.production.sym \
  --cmf=dist/default/production\09-UART.X.production.cmf -z -Q16F877A \
  -oC:\Users\User\AppData\Local\Temp\xcAs1go.4 --defsym=__MPLAB_BUILD=1 \
  --fixupoverflow=error -Mdist/default/production/09-UART.X.production.map \
  --md=C:\Users\User\AppData\Local\Temp\xcAs1go.dat -E1 -ver=XC8 Compiler \
  --acfsm=1493 -ACODE=00h-07FFhx4 -ASTRCODE=00h-01FFFh -ASTRING=00h-0FFhx32 \
  -ACONST=00h-0FFhx32 -AENTRY=00h-0FFhx32 -ACOMMON=070h-07Fh \
  -ABANK0=020h-06Fh -ABANK1=0A0h-0EFh -ABANK2=0110h-016Fh \
  -ABANK3=0190h-01EFh -ARAM=020h-06Fh,0A0h-0EFh,0110h-016Fh,0190h-01EFh \
  -AABS1=020h-07Fh,0A0h-0EFh,0110h-016Fh,0190h-01EFh -ASFR0=00h-01Fh \
  -ASFR1=080h-09Fh -ASFR2=0100h-010Fh -ASFR3=0180h-018Fh \
  -ACONFIG=02007h-02007h -DCONFIG=2 -AIDLOC=02000h-02003h -DIDLOC=2 \
  -AEEDATA=00h-0FFh/02100h -peeprom_data=EEDATA -DEEDATA=2 -DCODE=2 \
  -DSTRCODE=2 -DSTRING=2 -DCONST=2 -DENTRY=2 \
  -preset_vec=00h,intentry=04h,init,end_init -ppowerup=CODE -pcinit=CODE \
  -pfunctab=ENTRY -k C:\Users\User\AppData\Local\Temp\xcAs1go.o \
  dist/default/production\09-UART.X.production.o 

Object code version is 3.11

Machine type is 16F877A



                Name                               Link     Load   Length Selector   Space Scale
C:\Users\User\AppData\Local\Temp\xcAs1go.o
                end_init                              E        E        3        8       0
                reset_vec                             0        0        3        0       0
                config                             2007     2007        1        0       4
                idloc                              2000     2000        4        0       5
dist/default/production\09-UART.X.production.o
                cinit                                11       11       18        8       0
                intentry                              4        4        A        8       0
                config                             2007     2007        1        0       4
                idloc                              2000     2000        4        0       5
                text16                              526      526       45        8       0
                text15                              6B1      6B1       22      C6E       0
                text14                              66C      66C       23      C6E       0
                text13                              378      378       6E        8       0
                text12                              44F      44F       4B        8       0
                text11                              637      637       35      C6E       0
                text10                              4E0      4E0       46        8       0
                text9                               3E6      3E6       69        8       0
                text8                               49A      49A       46        8       0
                text7                               5A8      5A8       3C        8       0
                text6                                29       29      145        8       0
                text5                               6D3      6D3       14      C6E       0
                text4                               68F      68F       22      C6E       0
                text3                               16E      16E       DE        8       0
                text2                               24C      24C       9D        8       0
                text1                               56B      56B       3D        8       0
                maintext                            2E9      2E9       8F        8       0
                cstackBANK0                          20       20       48       20       1
                cstackCOMMON                         70       70        7       70       1
                cstackBANK1                          B6       B6        1       A0       1
                cstackBANK3                         190      190       3B      190       1
                clrtext                             6E7      6E7        8      C6E       0
                bssBANK1                             A0       A0       16       A0       1
                bssBANK0                             68       68        8       20       1
                bssCOMMON                            77       77        3       70       1
                strings                             600      600       37      C00       0

TOTAL           Name                               Link     Load   Length     Space
        CLASS   CODE           
                end_init                              E        E        3         0
                cinit                                11       11       18         0
                intentry                              4        4        A         0
                reset_vec                             0        0        3         0
                text16                              526      526       45         0
                text15                              6B1      6B1       22         0
                text14                              66C      66C       23         0
                text13                              378      378       6E         0
                text12                              44F      44F       4B         0
                text11                              637      637       35         0
                text10                              4E0      4E0       46         0
                text9                               3E6      3E6       69         0
                text8                               49A      49A       46         0
                text7                               5A8      5A8       3C         0
                text6                                29       29      145         0
                text5                               6D3      6D3       14         0
                text4                               68F      68F       22         0
                text3                               16E      16E       DE         0
                text2                               24C      24C       9D         0
                text1                               56B      56B       3D         0
                maintext                            2E9      2E9       8F         0
                clrtext                             6E7      6E7        8         0

        CLASS   STRCODE        

        CLASS   STRING         
                strings                             600      600       37         0

        CLASS   CONST          

        CLASS   ENTRY          

        CLASS   COMMON         
                cstackCOMMON                         70       70        7         1
                bssCOMMON                            77       77        3         1

        CLASS   BANK0          
                cstackBANK0                          20       20       48         1
                bssBANK0                             68       68        8         1

        CLASS   BANK1          
                cstackBANK1                          B6       B6        1         1
                bssBANK1                             A0       A0       16         1

        CLASS   BANK2          

        CLASS   BANK3          
                cstackBANK3                         190      190       3B         1

        CLASS   RAM            

        CLASS   ABS1           
                abs_s1                               7E       7E        2         1

        CLASS   SFR0           

        CLASS   SFR1           

        CLASS   SFR2           

        CLASS   SFR3           

        CLASS   CONFIG         
                config                             2007     2007        1         4

        CLASS   IDLOC          
                idloc                              2000     2000        4         5

        CLASS   EEDATA         

        CLASS   STACK          



SEGMENTS        Name                           Load    Length   Top    Selector   Space  Class     Delta

                reset_vec                      000000  000003  000003         0       0  CODE        2
                intentry                       000004  0005E0  0005E4         8       0  CODE        2
                cstackBANK0                    000020  000050  000070        20       1  BANK0       1
                cstackCOMMON                   000070  00000A  00007A        70       1  COMMON      1
                bssBANK1                       0000A0  000017  0000B7        A0       1  BANK1       1
                cstackBANK3                    000190  00003B  0001CB       190       1  BANK3       1
                strings                        000600  000037  000637       C00       0  STRING      2
                text11                         000637  0000B8  0006EF       C6E       0  CODE        2


UNUSED ADDRESS RANGES

        Name                Unused          Largest block    Delta
        BANK1            00B7-00EF             39           1
        BANK2            0110-016F             60           1
        BANK3            01CB-01EF             25           1
        CODE             0003-0003              1           2
                         05E4-05FF             1C
                         06EF-1FFF            800
        COMMON           007A-007D              4           1
        CONST            0003-0003              1           2
                         05E4-05FF             1C
                         06EF-1FFF            100
        EEDATA           2100-21FF            100           2
        ENTRY            0003-0003              1           2
                         05E4-05FF             1C
                         06EF-1FFF            100
        RAM              00B7-00EF             39           1
                         0110-016F             60
                         01CB-01EF             25
        SFR0             0000-001F             20           1
        SFR1             0080-009F             20           1
        SFR2             0100-010F             10           1
        SFR3             0180-018F             10           1
        STRCODE          0003-0003              1           2
                         05E4-05FF             1C
                         06EF-1FFF           1911
        STRING           0003-0003              1           2
                         05E4-05FF             1C
                         06EF-1FFF            100

                                  Symbol Table

?___aldiv                             cstackBANK0  0020
?___awdiv                             cstackBANK0  0020
?___lwdiv                             cstackBANK0  0020
?___lwmod                             cstackBANK0  0020
ISR@interruptCounter                  bssBANK1     00B4
Lcd_Cmd@a                             cstackBANK0  0020
Lcd_Port@a                            cstackCOMMON 0074
Lcd_Set_Cursor@colonna                cstackBANK0  0021
Lcd_Set_Cursor@riga                   cstackBANK0  0023
Lcd_Set_Cursor@temp                   cstackBANK0  0026
Lcd_Set_Cursor@y                      cstackBANK0  0025
Lcd_Set_Cursor@z                      cstackBANK0  0024
Lcd_Write_Char@a                      cstackBANK0  0022
Lcd_Write_Char@temp                   cstackBANK0  0020
Lcd_Write_Char@y                      cstackBANK0  0021
Lcd_Write_Int@buffer                  cstackBANK3  0190
Lcd_Write_Int@i                       cstackBANK3  01C9
Lcd_Write_Int@isNeg                   cstackBANK3  01C2
Lcd_Write_Int@n                       cstackBANK3  01C5
Lcd_Write_Int@n1                      cstackBANK3  01C3
Lcd_Write_Int@t                       cstackBANK3  01C7
Lcd_Write_Int@val                     cstackBANK0  002A
Lcd_Write_String@a                    cstackBANK0  0023
Lcd_Write_String@i                    cstackBANK0  0028
Numpad_Read@oldKeyVal                 bssCOMMON    0079
SevenSeg_Write@displayPattern         strings      061C
UART_TxChar@ch                        cstackCOMMON 0075
UART_TxInt@buffer                     cstackBANK0  002D
UART_TxInt@i                          cstackBANK0  0066
UART_TxInt@isNeg                      cstackBANK0  005F
UART_TxInt@n                          cstackBANK0  0062
UART_TxInt@n1                         cstackBANK0  0060
UART_TxInt@t                          cstackBANK0  0064
UART_TxInt@val                        cstackBANK0  0028
UART_TxString@i                       cstackBANK0  0021
UART_TxString@str                     cstackBANK0  0020
UART_init@baudrate                    cstackBANK0  002E
_ADCON0                               (abs)        001F
_ADCON1                               (abs)        009F
_ADRESH                               (abs)        001E
_ADRESL                               (abs)        009E
_Counter                              bssCOMMON    0077
_INTCON                               (abs)        000B
_ISR                                  text16       0526
_Lcd_Cmd                              text14       066C
_Lcd_Init                             text13       0378
_Lcd_Port                             text15       06B1
_Lcd_Set_Cursor                       text12       044F
_Lcd_Write_Char                       text11       0637
_Lcd_Write_Int                        text6        0029
_Lcd_Write_String                     text10       04E0
_OPTION_REG                           (abs)        0081
_PIE1                                 (abs)        008C
_PIR1                                 (abs)        000C
_PORTB                                (abs)        0006
_PORTD                                (abs)        0008
_PORTDbits                            (abs)        0008
_PORTEbits                            (abs)        0009
_RCIF                                 (abs)        0065
_RCREG                                (abs)        001A
_RCSTA                                (abs)        0018
_SPBRG                                (abs)        0099
_T0IF                                 (abs)        005A
_TMR0                                 (abs)        0001
_TRISA                                (abs)        0085
_TRISB                                (abs)        0086
_TRISC                                (abs)        0087
_TRISD                                (abs)        0088
_TRISE                                (abs)        0089
_TXREG                                (abs)        0019
_TXSTA                                (abs)        0098
_UART_TxChar                          text5        06D3
_UART_TxInt                           text3        016E
_UART_TxString                        text4        068F
_UART_init                            text1        056B
__Habs1                               abs1         0000
__Hbank0                              bank0        0000
__Hbank1                              bank1        0000
__Hbank2                              bank2        0000
__Hbank3                              bank3        0000
__HbssBANK0                           bssBANK0     0000
__HbssBANK1                           bssBANK1     0000
__HbssCOMMON                          bssCOMMON    0000
__Hcinit                              cinit        0029
__Hclrtext                            clrtext      0000
__Hcode                               code         0000
__Hcommon                             common       0000
__Hconfig                             config       2008
__HcstackBANK0                        cstackBANK0  0000
__HcstackBANK1                        cstackBANK1  0000
__HcstackBANK3                        cstackBANK3  0000
__HcstackCOMMON                       cstackCOMMON 0000
__Heeprom_data                        eeprom_data  0000
__Hend_init                           end_init     0011
__Hfunctab                            functab      0000
__Hidloc                              idloc        2004
__Hinit                               init         000E
__Hintentry                           intentry     000E
__Hmaintext                           maintext     0000
__Hpowerup                            powerup      0000
__Hram                                ram          0000
__Hreset_vec                          reset_vec    0003
__Hsfr0                               sfr0         0000
__Hsfr1                               sfr1         0000
__Hsfr2                               sfr2         0000
__Hsfr3                               sfr3         0000
__Hspace_0                            (abs)        06EF
__Hspace_1                            (abs)        01CB
__Hspace_2                            (abs)        0000
__Hspace_3                            (abs)        0000
__Hspace_4                            (abs)        400F
__Hstack                              stack        0000
__Hstrings                            strings      0000
__Htext                               text         0000
__Labs1                               abs1         0000
__Lbank0                              bank0        0000
__Lbank1                              bank1        0000
__Lbank2                              bank2        0000
__Lbank3                              bank3        0000
__LbssBANK0                           bssBANK0     0000
__LbssBANK1                           bssBANK1     0000
__LbssCOMMON                          bssCOMMON    0000
__Lcinit                              cinit        0011
__Lclrtext                            clrtext      0000
__Lcode                               code         0000
__Lcommon                             common       0000
__Lconfig                             config       0000
__LcstackBANK0                        cstackBANK0  0000
__LcstackBANK1                        cstackBANK1  0000
__LcstackBANK3                        cstackBANK3  0000
__LcstackCOMMON                       cstackCOMMON 0000
__Leeprom_data                        eeprom_data  0000
__Lend_init                           end_init     000E
__Lfunctab                            functab      0000
__Lidloc                              idloc        0000
__Linit                               init         000E
__Lintentry                           intentry     0004
__Lmaintext                           maintext     0000
__Lpowerup                            powerup      0000
__Lram                                ram          0000
__Lreset_vec                          reset_vec    0000
__Lsfr0                               sfr0         0000
__Lsfr1                               sfr1         0000
__Lsfr2                               sfr2         0000
__Lsfr3                               sfr3         0000
__Lspace_0                            (abs)        0000
__Lspace_1                            (abs)        0000
__Lspace_2                            (abs)        0000
__Lspace_3                            (abs)        0000
__Lspace_4                            (abs)        0000
__Lstack                              stack        0000
__Lstrings                            strings      0000
__Ltext                               text         0000
__S0                                  (abs)        06EF
__S1                                  (abs)        01CB
__S3                                  (abs)        0000
___aldiv                              text2        024C
___aldiv@counter                      cstackBANK0  0028
___aldiv@dividend                     cstackBANK0  0024
___aldiv@divisor                      cstackBANK0  0020
___aldiv@quotient                     cstackBANK0  002A
___aldiv@sign                         cstackBANK0  0029
___awdiv                              text9        03E6
___awdiv@counter                      cstackBANK0  0024
___awdiv@dividend                     cstackBANK0  0022
___awdiv@divisor                      cstackBANK0  0020
___awdiv@quotient                     cstackBANK0  0026
___awdiv@sign                         cstackBANK0  0025
___int_sp                             stack        0000
___latbits                            (abs)        0002
___lwdiv                              text8        049A
___lwdiv@counter                      cstackBANK0  0024
___lwdiv@dividend                     cstackBANK0  0022
___lwdiv@divisor                      cstackBANK0  0020
___lwdiv@quotient                     cstackBANK0  0025
___lwmod                              text7        05A8
___lwmod@counter                      cstackCOMMON 0075
___lwmod@dividend                     cstackBANK0  0022
___lwmod@divisor                      cstackBANK0  0020
___sp                                 stack        0000
___stackhi                            (abs)        0000
___stacklo                            (abs)        0000
__end_ofSevenSeg_Write@displayPattern strings      0626
__end_of_ISR                          text16       056B
__end_of_Lcd_Cmd                      text14       068F
__end_of_Lcd_Init                     text13       03E6
__end_of_Lcd_Port                     text15       06D3
__end_of_Lcd_Set_Cursor               text12       049A
__end_of_Lcd_Write_Char               text11       066C
__end_of_Lcd_Write_Int                text6        016E
__end_of_Lcd_Write_String             text10       0526
__end_of_UART_TxChar                  text5        06E7
__end_of_UART_TxInt                   text3        024C
__end_of_UART_TxString                text4        06B1
__end_of_UART_init                    text1        05A8
__end_of___aldiv                      text2        02E9
__end_of___awdiv                      text9        044F
__end_of___lwdiv                      text8        04E0
__end_of___lwmod                      text7        05E4
__end_of__initialization              cinit        0025
__end_of__stringtab                   strings      0610
__end_of_keypad                       strings      061C
__end_of_main                         maintext     0378
__initialization                      cinit        0011
__pbssBANK0                           bssBANK0     0068
__pbssBANK1                           bssBANK1     00A0
__pbssCOMMON                          bssCOMMON    0077
__pcstackBANK0                        cstackBANK0  0020
__pcstackBANK1                        cstackBANK1  00B6
__pcstackBANK3                        cstackBANK3  0190
__pcstackCOMMON                       cstackCOMMON 0070
__pintentry                           intentry     0004
__pmaintext                           maintext     02E9
__pstrings                            strings      0600
__ptext1                              text1        056B
__ptext10                             text10       04E0
__ptext11                             text11       0637
__ptext12                             text12       044F
__ptext13                             text13       0378
__ptext14                             text14       066C
__ptext15                             text15       06B1
__ptext16                             text16       0526
__ptext2                              text2        024C
__ptext3                              text3        016E
__ptext4                              text4        068F
__ptext5                              text5        06D3
__ptext6                              text6        0029
__ptext7                              text7        05A8
__ptext8                              text8        049A
__ptext9                              text9        03E6
__stringbase                          strings      060F
__stringtab                           strings      0600
_counterFinished                      bssBANK0     006E
_dato                                 bssBANK1     00A0
_i                                    bssBANK0     006C
_keypad                               strings      0610
_main                                 maintext     02E9
_received                             bssBANK0     006F
_receivedBytes                        bssBANK0     006D
btemp                                 (abs)        007E
clear_ram0                            clrtext      06E7
end_of_initialization                 cinit        0025
interrupt_function                    intentry     0004
intlevel0                             functab      0000
intlevel1                             functab      0000
intlevel2                             functab      0000
intlevel3                             functab      0000
intlevel4                             functab      0000
intlevel5                             functab      0000
pid_controller@integral               bssBANK0     0068
pid_controller@previous_error         bssBANK1     00B0
reset_vec                             reset_vec    0000
saved_w                               (abs)        007E
start                                 init         000E
start_initialization                  cinit        0011
wtemp0                                (abs)        007E


MODULE INFORMATION

Module		Function		Class		Link	Load	Size
../00-Librerie.X/UART.c
		_UART_TxString 		CODE           	068F	0000	34
		_UART_init     		CODE           	056B	0000	61
		_UART_TxInt    		CODE           	016E	0000	222
		_UART_TxChar   		CODE           	06D3	0000	20

../00-Librerie.X/UART.c estimated size: 337

C:\Program Files\Microchip\xc8\v2.40\pic\sources\c90\common\awdiv.c
		___awdiv       		CODE           	03E6	0000	105

C:\Program Files\Microchip\xc8\v2.40\pic\sources\c90\common\awdiv.c estimated size: 105

C:\Program Files\Microchip\xc8\v2.40\pic\sources\c90\common\aldiv.c
		___aldiv       		CODE           	024C	0000	157

C:\Program Files\Microchip\xc8\v2.40\pic\sources\c90\common\aldiv.c estimated size: 157

C:\Program Files\Microchip\xc8\v2.40\pic\sources\c90\common\lwmod.c
		___lwmod       		CODE           	05A8	0000	60

C:\Program Files\Microchip\xc8\v2.40\pic\sources\c90\common\lwmod.c estimated size: 60

shared
		__stringtab    		STRING         	0600	0000	16
		SevenSeg_Write@displayPattern		STRING         	061C	0000	10
		_keypad        		STRING         	0610	0000	12
		__initialization		CODE           	0011	0000	20

shared estimated size: 58

../00-Librerie.X/lcd.c
		_Lcd_Write_String		CODE           	04E0	0000	70
		_Lcd_Write_Int 		CODE           	0029	0000	325
		_Lcd_Init      		CODE           	0378	0000	110
		_Lcd_Write_Char		CODE           	0637	0000	53
		_Lcd_Cmd       		CODE           	066C	0000	35
		_Lcd_Set_Cursor		CODE           	044F	0000	75
		_Lcd_Port      		CODE           	06B1	0000	34

../00-Librerie.X/lcd.c estimated size: 702

main.c
		_ISR           		CODE           	0526	0000	69
		_main          		CODE           	02E9	0000	143

main.c estimated size: 212

C:\Program Files\Microchip\xc8\v2.40\pic\sources\c90\common\lwdiv.c
		___lwdiv       		CODE           	049A	0000	70

C:\Program Files\Microchip\xc8\v2.40\pic\sources\c90\common\lwdiv.c estimated size: 70

