Microchip MPLAB XC8 Compiler V2.40

Linker command line:

-W-3 \
  --edf=C:\Program Files\Microchip\xc8\v2.40\pic\dat\20220703182018_en.msgs \
  -cn -h+dist/default/production\08.1-SimulazioneEsameRx.X.production.sym \
  --cmf=dist/default/production\08.1-SimulazioneEsameRx.X.production.cmf -z \
  -Q16F877A -oC:\Users\User\AppData\Local\Temp\xcAsank.4 \
  --defsym=__MPLAB_BUILD=1 --fixupoverflow=error \
  -Mdist/default/production/08.1-SimulazioneEsameRx.X.production.map \
  --md=C:\Users\User\AppData\Local\Temp\xcAsank.dat -E1 -ver=XC8 Compiler \
  --acfsm=1493 -ACODE=00h-07FFhx4 -ASTRCODE=00h-01FFFh -ASTRING=00h-0FFhx32 \
  -ACONST=00h-0FFhx32 -AENTRY=00h-0FFhx32 -ACOMMON=070h-07Fh \
  -ABANK0=020h-06Fh -ABANK1=0A0h-0EFh -ABANK2=0110h-016Fh \
  -ABANK3=0190h-01EFh -ARAM=020h-06Fh,0A0h-0EFh,0110h-016Fh,0190h-01EFh \
  -AABS1=020h-07Fh,0A0h-0EFh,0110h-016Fh,0190h-01EFh -ASFR0=00h-01Fh \
  -ASFR1=080h-09Fh -ASFR2=0100h-010Fh -ASFR3=0180h-018Fh \
  -ACONFIG=02007h-02007h -DCONFIG=2 -AIDLOC=02000h-02003h -DIDLOC=2 \
  -AEEDATA=00h-0FFh/02100h -peeprom_data=EEDATA -DEEDATA=2 -DCODE=2 \
  -DSTRCODE=2 -DSTRING=2 -DCONST=2 -DENTRY=2 \
  -preset_vec=00h,intentry=04h,init,end_init -ppowerup=CODE -pcinit=CODE \
  -pfunctab=ENTRY -k C:\Users\User\AppData\Local\Temp\xcAsank.o \
  dist/default/production\08.1-SimulazioneEsameRx.X.production.o 

Object code version is 3.11

Machine type is 16F877A



                Name                               Link     Load   Length Selector   Space Scale
C:\Users\User\AppData\Local\Temp\xcAsank.o
                end_init                              E        E        3        8       0
                reset_vec                             0        0        3        0       0
                config                             2007     2007        1        0       4
                idloc                              2000     2000        4        0       5
dist/default/production\08.1-SimulazioneEsameRx.X.production.o
                cinit                                11       11       17        8       0
                intentry                              4        4        A        8       0
                config                             2007     2007        1        0       4
                idloc                              2000     2000        4        0       5
                text13                              2AC      2AC       40        8       0
                text12                              453      453       22      67E       0
                text11                              430      430       23      67E       0
                text10                              489      489        D      67E       0
                text9                               23E      23E       6E        8       0
                text8                               37C      37C       35      67E       0
                text7                               40B      40B       25      67E       0
                text6                               1B1      1B1       8D        8       0
                text5                               475      475       14      67E       0
                text4                               3DE      3DE       2D      67E       0
                text3                               114      114       9D        8       0
                text2                               33F      33F       3D      67E       0
                text1                               3B1      3B1       2D      67E       0
                maintext                             28       28       EC        8       0
                cstackBANK0                          20       20       19       20       1
                cstackCOMMON                         70       70        7       70       1
                bssBANK0                             39       39        E       20       1
                bssCOMMON                            77       77        3       70       1
                strings                             300      300       3F      600       0

TOTAL           Name                               Link     Load   Length     Space
        CLASS   CODE           
                end_init                              E        E        3         0
                cinit                                11       11       17         0
                intentry                              4        4        A         0
                reset_vec                             0        0        3         0
                text13                              2AC      2AC       40         0
                text12                              453      453       22         0
                text11                              430      430       23         0
                text10                              489      489        D         0
                text9                               23E      23E       6E         0
                text8                               37C      37C       35         0
                text7                               40B      40B       25         0
                text6                               1B1      1B1       8D         0
                text5                               475      475       14         0
                text4                               3DE      3DE       2D         0
                text3                               114      114       9D         0
                text2                               33F      33F       3D         0
                text1                               3B1      3B1       2D         0
                maintext                             28       28       EC         0

        CLASS   STRCODE        

        CLASS   STRING         
                strings                             300      300       3F         0

        CLASS   CONST          

        CLASS   ENTRY          

        CLASS   COMMON         
                cstackCOMMON                         70       70        7         1
                bssCOMMON                            77       77        3         1

        CLASS   BANK0          
                cstackBANK0                          20       20       19         1
                bssBANK0                             39       39        E         1

        CLASS   BANK1          

        CLASS   BANK2          

        CLASS   BANK3          

        CLASS   RAM            

        CLASS   ABS1           
                abs_s1                               7E       7E        2         1

        CLASS   SFR0           

        CLASS   SFR1           

        CLASS   SFR2           

        CLASS   SFR3           

        CLASS   CONFIG         
                config                             2007     2007        1         4

        CLASS   IDLOC          
                idloc                              2000     2000        4         5

        CLASS   EEDATA         

        CLASS   STACK          



SEGMENTS        Name                           Load    Length   Top    Selector   Space  Class     Delta

                reset_vec                      000000  000003  000003         0       0  CODE        2
                intentry                       000004  0002E8  0002EC         8       0  CODE        2
                cstackBANK0                    000020  000027  000047        20       1  BANK0       1
                cstackCOMMON                   000070  00000A  00007A        70       1  COMMON      1
                strings                        000300  00003F  00033F       600       0  STRING      2
                text2                          00033F  000157  000496       67E       0  CODE        2


UNUSED ADDRESS RANGES

        Name                Unused          Largest block    Delta
        BANK0            0047-006F             29           1
        BANK1            00A0-00EF             50           1
        BANK2            0110-016F             60           1
        BANK3            0190-01EF             60           1
        CODE             0003-0003              1           2
                         02EC-02FF             14
                         0496-1FFF            800
        COMMON           007A-007D              4           1
        CONST            0003-0003              1           2
                         02EC-02FF             14
                         0496-1FFF            100
        EEDATA           2100-21FF            100           2
        ENTRY            0003-0003              1           2
                         02EC-02FF             14
                         0496-1FFF            100
        RAM              0047-006F             29           1
                         00A0-00EF             50
                         0110-016F             60
                         0190-01EF             60
        SFR0             0000-001F             20           1
        SFR1             0080-009F             20           1
        SFR2             0100-010F             10           1
        SFR3             0180-018F             10           1
        STRCODE          0003-0003              1           2
                         02EC-02FF             14
                         0496-1FFF           1B6A
        STRING           0003-0003              1           2
                         02EC-02FF             14
                         0496-1FFF            100

                                  Symbol Table

?___aldiv                             cstackBANK0  0020
ISR@interruptCounter                  bssCOMMON    0077
Lcd_Cmd@a                             cstackBANK0  0020
Lcd_Port@a                            cstackCOMMON 0074
Lcd_Write_Char@a                      cstackBANK0  0022
Lcd_Write_Char@temp                   cstackBANK0  0020
Lcd_Write_Char@y                      cstackBANK0  0021
Lcd_Write_String@a                    cstackBANK0  0025
Lcd_Write_String@i                    cstackBANK0  0023
Numpad_Read@colScan                   cstackBANK0  0022
Numpad_Read@currentKey                cstackBANK0  0020
Numpad_Read@currentKeyVal             cstackBANK0  0021
Numpad_Read@oldKeyVal                 bssCOMMON    0079
Numpad_Read@rowScan                   cstackBANK0  0023
SevenSeg_Write@displayPattern         strings      031C
UART_TxChar@ch                        cstackCOMMON 0075
UART_TxString@i                       cstackBANK0  0022
UART_TxString@str                     cstackBANK0  0020
UART_init@baudrate                    cstackBANK0  002E
_ADCON0                               (abs)        001F
_ADCON1                               (abs)        009F
_ADRESH                               (abs)        001E
_ADRESL                               (abs)        009E
_INTCON                               (abs)        000B
_ISR                                  text13       02AC
_Lcd_Clear                            text10       0489
_Lcd_Cmd                              text11       0430
_Lcd_Init                             text9        023E
_Lcd_Port                             text12       0453
_Lcd_Write_Char                       text8        037C
_Lcd_Write_String                     text7        040B
_Numpad_Read                          text6        01B1
_OPTION_REG                           (abs)        0081
_PIE1                                 (abs)        008C
_PIR1                                 (abs)        000C
_PORTB                                (abs)        0006
_PORTBbits                            (abs)        0006
_PORTD                                (abs)        0008
_PORTDbits                            (abs)        0008
_PORTEbits                            (abs)        0009
_RCIF                                 (abs)        0065
_RCREG                                (abs)        001A
_RCSTA                                (abs)        0018
_SPBRG                                (abs)        0099
_T0IF                                 (abs)        005A
_TMR0                                 (abs)        0001
_TRISA                                (abs)        0085
_TRISB                                (abs)        0086
_TRISC                                (abs)        0087
_TRISD                                (abs)        0088
_TRISE                                (abs)        0089
_TXREG                                (abs)        0019
_TXSTA                                (abs)        0098
_UART_TxChar                          text5        0475
_UART_TxString                        text4        03DE
_UART_init                            text2        033F
__Habs1                               abs1         0000
__Hbank0                              bank0        0000
__Hbank1                              bank1        0000
__Hbank2                              bank2        0000
__Hbank3                              bank3        0000
__HbssBANK0                           bssBANK0     0000
__HbssCOMMON                          bssCOMMON    0000
__Hcinit                              cinit        0028
__Hclrtext                            clrtext      0000
__Hcode                               code         0000
__Hcommon                             common       0000
__Hconfig                             config       2008
__HcstackBANK0                        cstackBANK0  0000
__HcstackCOMMON                       cstackCOMMON 0000
__Heeprom_data                        eeprom_data  0000
__Hend_init                           end_init     0011
__Hfunctab                            functab      0000
__Hidloc                              idloc        2004
__Hinit                               init         000E
__Hintentry                           intentry     000E
__Hmaintext                           maintext     0000
__Hpowerup                            powerup      0000
__Hram                                ram          0000
__Hreset_vec                          reset_vec    0003
__Hsfr0                               sfr0         0000
__Hsfr1                               sfr1         0000
__Hsfr2                               sfr2         0000
__Hsfr3                               sfr3         0000
__Hspace_0                            (abs)        0496
__Hspace_1                            (abs)        007A
__Hspace_2                            (abs)        0000
__Hspace_3                            (abs)        0000
__Hspace_4                            (abs)        400F
__Hstack                              stack        0000
__Hstrings                            strings      0000
__Htext                               text         0000
__Labs1                               abs1         0000
__Lbank0                              bank0        0000
__Lbank1                              bank1        0000
__Lbank2                              bank2        0000
__Lbank3                              bank3        0000
__LbssBANK0                           bssBANK0     0000
__LbssCOMMON                          bssCOMMON    0000
__Lcinit                              cinit        0011
__Lclrtext                            clrtext      0000
__Lcode                               code         0000
__Lcommon                             common       0000
__Lconfig                             config       0000
__LcstackBANK0                        cstackBANK0  0000
__LcstackCOMMON                       cstackCOMMON 0000
__Leeprom_data                        eeprom_data  0000
__Lend_init                           end_init     000E
__Lfunctab                            functab      0000
__Lidloc                              idloc        0000
__Linit                               init         000E
__Lintentry                           intentry     0004
__Lmaintext                           maintext     0000
__Lpowerup                            powerup      0000
__Lram                                ram          0000
__Lreset_vec                          reset_vec    0000
__Lsfr0                               sfr0         0000
__Lsfr1                               sfr1         0000
__Lsfr2                               sfr2         0000
__Lsfr3                               sfr3         0000
__Lspace_0                            (abs)        0000
__Lspace_1                            (abs)        0000
__Lspace_2                            (abs)        0000
__Lspace_3                            (abs)        0000
__Lspace_4                            (abs)        0000
__Lstack                              stack        0000
__Lstrings                            strings      0000
__Ltext                               text         0000
__S0                                  (abs)        0496
__S1                                  (abs)        007A
__S3                                  (abs)        0000
___aldiv                              text3        0114
___aldiv@counter                      cstackBANK0  0028
___aldiv@dividend                     cstackBANK0  0024
___aldiv@divisor                      cstackBANK0  0020
___aldiv@quotient                     cstackBANK0  002A
___aldiv@sign                         cstackBANK0  0029
___int_sp                             stack        0000
___latbits                            (abs)        0002
___sp                                 stack        0000
___stackhi                            (abs)        0000
___stacklo                            (abs)        0000
__end_ofSevenSeg_Write@displayPattern strings      0326
__end_of_ISR                          text13       02EC
__end_of_Lcd_Clear                    text10       0496
__end_of_Lcd_Cmd                      text11       0453
__end_of_Lcd_Init                     text9        02AC
__end_of_Lcd_Port                     text12       0475
__end_of_Lcd_Write_Char               text8        03B1
__end_of_Lcd_Write_String             text7        0430
__end_of_Numpad_Read                  text6        023E
__end_of_UART_TxChar                  text5        0489
__end_of_UART_TxString                text4        040B
__end_of_UART_init                    text2        037C
__end_of___aldiv                      text3        01B1
__end_of__initialization              cinit        0024
__end_of__stringtab                   strings      0310
__end_of_isEqual                      text1        03DE
__end_of_keypad                       strings      031C
__end_of_main                         maintext     0114
__end_ofmain@Clear_Display_UART       strings      032C
__end_ofmain@Led_On_UART              strings      0332
__initialization                      cinit        0011
__pbssBANK0                           bssBANK0     0039
__pbssCOMMON                          bssCOMMON    0077
__pcstackBANK0                        cstackBANK0  0020
__pcstackCOMMON                       cstackCOMMON 0070
__pintentry                           intentry     0004
__pmaintext                           maintext     0028
__pstrings                            strings      0300
__ptext1                              text1        03B1
__ptext10                             text10       0489
__ptext11                             text11       0430
__ptext12                             text12       0453
__ptext13                             text13       02AC
__ptext2                              text2        033F
__ptext3                              text3        0114
__ptext4                              text4        03DE
__ptext5                              text5        0475
__ptext6                              text6        01B1
__ptext7                              text7        040B
__ptext8                              text8        037C
__ptext9                              text9        023E
__stringbase                          strings      030F
__stringtab                           strings      0300
_button                               bssBANK0     0043
_dato                                 bssBANK0     0045
_i                                    bssBANK0     0041
_isEqual                              text1        03B1
_keypad                               strings      0310
_main                                 maintext     0028
_old_button                           bssBANK0     0042
_received                             bssBANK0     0044
btemp                                 (abs)        007E
end_of_initialization                 cinit        0024
interrupt_function                    intentry     0004
intlevel0                             functab      0000
intlevel1                             functab      0000
intlevel2                             functab      0000
intlevel3                             functab      0000
intlevel4                             functab      0000
intlevel5                             functab      0000
isEqual@array1                        cstackBANK0  0020
isEqual@array2                        cstackCOMMON 0074
isEqual@j                             cstackBANK0  0021
main@Clear_Display_UART               strings      0326
main@Led_On_UART                      strings      032C
main@numpadSelection                  cstackBANK0  0038
pid_controller@integral               bssBANK0     0039
pid_controller@previous_error         bssBANK0     003D
reset_vec                             reset_vec    0000
saved_w                               (abs)        007E
start                                 init         000E
start_initialization                  cinit        0011
wtemp0                                (abs)        007E


MODULE INFORMATION

Module		Function		Class		Link	Load	Size
../00-Librerie.X/UART.c
		_UART_TxString 		CODE           	03DE	0000	45
		_UART_init     		CODE           	033F	0000	61
		_UART_TxChar   		CODE           	0475	0000	20

../00-Librerie.X/UART.c estimated size: 126

C:\Program Files\Microchip\xc8\v2.40\pic\sources\c90\common\aldiv.c
		___aldiv       		CODE           	0114	0000	157

C:\Program Files\Microchip\xc8\v2.40\pic\sources\c90\common\aldiv.c estimated size: 157

shared
		__stringtab    		STRING         	0300	0000	16
		SevenSeg_Write@displayPattern		STRING         	031C	0000	10
		_keypad        		STRING         	0310	0000	12
		__initialization		CODE           	0011	0000	19
		main@Clear_Display_UART		STRING         	0326	0000	6
		main@Led_On_UART		STRING         	032C	0000	6

shared estimated size: 69

../00-Librerie.X/numpad.c
		_Numpad_Read   		CODE           	01B1	0000	141

../00-Librerie.X/numpad.c estimated size: 141

lcd.c
		_Lcd_Write_String		CODE           	040B	0000	37
		_Lcd_Init      		CODE           	023E	0000	110
		_Lcd_Write_Char		CODE           	037C	0000	53
		_Lcd_Cmd       		CODE           	0430	0000	35
		_Lcd_Clear     		CODE           	0489	0000	13
		_Lcd_Port      		CODE           	0453	0000	34

lcd.c estimated size: 282

main.c
		_isEqual       		CODE           	03B1	0000	45
		_ISR           		CODE           	02AC	0000	64
		_main          		CODE           	0028	0000	236

main.c estimated size: 345

