Microchip MPLAB XC8 Compiler V2.40

Linker command line:

-W-3 \
  --edf=C:\Program Files\Microchip\xc8\v2.40\pic\dat\20220703182018_en.msgs \
  -cn -h+dist/default/production\08.1-SimulazioneEsameRx.X.production.sym \
  --cmf=dist/default/production\08.1-SimulazioneEsameRx.X.production.cmf -z \
  -Q16F877A -oC:\Users\User\AppData\Local\Temp\xcAsic4.4 \
  --defsym=__MPLAB_BUILD=1 --fixupoverflow=error \
  -Mdist/default/production/08.1-SimulazioneEsameRx.X.production.map \
  --md=C:\Users\User\AppData\Local\Temp\xcAsic4.dat -E1 -ver=XC8 Compiler \
  --acfsm=1493 -ACODE=00h-07FFhx4 -ASTRCODE=00h-01FFFh -ASTRING=00h-0FFhx32 \
  -ACONST=00h-0FFhx32 -AENTRY=00h-0FFhx32 -ACOMMON=070h-07Fh \
  -ABANK0=020h-06Fh -ABANK1=0A0h-0EFh -ABANK2=0110h-016Fh \
  -ABANK3=0190h-01EFh -ARAM=020h-06Fh,0A0h-0EFh,0110h-016Fh,0190h-01EFh \
  -AABS1=020h-07Fh,0A0h-0EFh,0110h-016Fh,0190h-01EFh -ASFR0=00h-01Fh \
  -ASFR1=080h-09Fh -ASFR2=0100h-010Fh -ASFR3=0180h-018Fh \
  -ACONFIG=02007h-02007h -DCONFIG=2 -AIDLOC=02000h-02003h -DIDLOC=2 \
  -AEEDATA=00h-0FFh/02100h -peeprom_data=EEDATA -DEEDATA=2 -DCODE=2 \
  -DSTRCODE=2 -DSTRING=2 -DCONST=2 -DENTRY=2 \
  -preset_vec=00h,intentry=04h,init,end_init -ppowerup=CODE -pcinit=CODE \
  -pfunctab=ENTRY -k C:\Users\User\AppData\Local\Temp\xcAsic4.o \
  dist/default/production\08.1-SimulazioneEsameRx.X.production.o 

Object code version is 3.11

Machine type is 16F877A



                Name                               Link     Load   Length Selector   Space Scale
C:\Users\User\AppData\Local\Temp\xcAsic4.o
                end_init                              E        E        3        8       0
                reset_vec                             0        0        3        0       0
                config                             2007     2007        1        0       4
                idloc                              2000     2000        4        0       5
dist/default/production\08.1-SimulazioneEsameRx.X.production.o
                cinit                                11       11       13        8       0
                intentry                              4        4        A        8       0
                config                             2007     2007        1        0       4
                idloc                              2000     2000        4        0       5
                text5                               126      126       26      24C       0
                text4                               184      184       17      24C       0
                text3                               14C      14C       1F      24C       0
                text2                                24       24       9D        8       0
                text1                                C1       C1       3D        8       0
                maintext                            16B      16B       19      24C       0
                cstackBANK0                          20       20       16       20       1
                cstackCOMMON                         75       75        5       70       1
                bssBANK0                             36       36        8       20       1
                bssCOMMON                            70       70        5       70       1
                strings                             100      100       26      200       0

TOTAL           Name                               Link     Load   Length     Space
        CLASS   CODE           
                end_init                              E        E        3         0
                cinit                                11       11       13         0
                intentry                              4        4        A         0
                reset_vec                             0        0        3         0
                text5                               126      126       26         0
                text4                               184      184       17         0
                text3                               14C      14C       1F         0
                text2                                24       24       9D         0
                text1                                C1       C1       3D         0
                maintext                            16B      16B       19         0

        CLASS   STRCODE        

        CLASS   STRING         
                strings                             100      100       26         0

        CLASS   CONST          

        CLASS   ENTRY          

        CLASS   COMMON         
                cstackCOMMON                         75       75        5         1
                bssCOMMON                            70       70        5         1

        CLASS   BANK0          
                cstackBANK0                          20       20       16         1
                bssBANK0                             36       36        8         1

        CLASS   BANK1          

        CLASS   BANK2          

        CLASS   BANK3          

        CLASS   RAM            

        CLASS   ABS1           
                abs_s1                               7E       7E        2         1

        CLASS   SFR0           

        CLASS   SFR1           

        CLASS   SFR2           

        CLASS   SFR3           

        CLASS   CONFIG         
                config                             2007     2007        1         4

        CLASS   IDLOC          
                idloc                              2000     2000        4         5

        CLASS   EEDATA         

        CLASS   STACK          



SEGMENTS        Name                           Load    Length   Top    Selector   Space  Class     Delta

                reset_vec                      000000  000003  000003         0       0  CODE        2
                intentry                       000004  0000FA  0000FE         8       0  CODE        2
                cstackBANK0                    000020  00001E  00003E        20       1  BANK0       1
                bssCOMMON                      000070  00000A  00007A        70       1  COMMON      1
                strings                        000100  000026  000126       200       0  STRING      2
                text5                          000126  000075  00019B       24C       0  CODE        2


UNUSED ADDRESS RANGES

        Name                Unused          Largest block    Delta
        BANK0            003E-006F             32           1
        BANK1            00A0-00EF             50           1
        BANK2            0110-016F             60           1
        BANK3            0190-01EF             60           1
        CODE             0003-0003              1           2
                         00FE-00FF              2
                         019B-1FFF            800
        COMMON           007A-007D              4           1
        CONST            0003-0003              1           2
                         00FE-00FF              2
                         019B-1FFF            100
        EEDATA           2100-21FF            100           2
        ENTRY            0003-0003              1           2
                         00FE-00FF              2
                         019B-1FFF            100
        RAM              003E-006F             32           1
                         00A0-00EF             50
                         0110-016F             60
                         0190-01EF             60
        SFR0             0000-001F             20           1
        SFR1             0080-009F             20           1
        SFR2             0100-010F             10           1
        SFR3             0180-018F             10           1
        STRCODE          0003-0003              1           2
                         00FE-00FF              2
                         019B-1FFF           1E65
        STRING           0003-0003              1           2
                         00FE-00FF              2
                         019B-1FFF            100

                                  Symbol Table

?___aldiv                             cstackBANK0  0020
ISR@i                                 bssCOMMON    0070
Numpad_Read@oldKeyVal                 bssCOMMON    0074
SevenSeg_Write@displayPattern         strings      0112
UART_TxChar@ch                        cstackBANK0  0020
UART_TxString@i                       cstackBANK0  0023
UART_TxString@str                     cstackBANK0  0022
UART_init@baudrate                    cstackBANK0  002E
_ADCON0                               (abs)        001F
_ADCON1                               (abs)        009F
_ADRESH                               (abs)        001E
_ADRESL                               (abs)        009E
_DataReceived                         bssCOMMON    0073
_INTCON                               (abs)        000B
_ISR                                  text5        0126
_PIE1                                 (abs)        008C
_PIR1                                 (abs)        000C
_PORTB                                (abs)        0006
_PORTD                                (abs)        0008
_RCIF                                 (abs)        0065
_RCREG                                (abs)        001A
_RCSTA                                (abs)        0018
_SPBRG                                (abs)        0099
_TRISA                                (abs)        0085
_TRISB                                (abs)        0086
_TRISC                                (abs)        0087
_TRISD                                (abs)        0088
_TXREG                                (abs)        0019
_TXSTA                                (abs)        0098
_UART_TxChar                          text4        0184
_UART_TxString                        text3        014C
_UART_init                            text1        00C1
__Habs1                               abs1         0000
__Hbank0                              bank0        0000
__Hbank1                              bank1        0000
__Hbank2                              bank2        0000
__Hbank3                              bank3        0000
__HbssBANK0                           bssBANK0     0000
__HbssCOMMON                          bssCOMMON    0000
__Hcinit                              cinit        0024
__Hclrtext                            clrtext      0000
__Hcode                               code         0000
__Hcommon                             common       0000
__Hconfig                             config       2008
__HcstackBANK0                        cstackBANK0  0000
__HcstackCOMMON                       cstackCOMMON 0000
__Heeprom_data                        eeprom_data  0000
__Hend_init                           end_init     0011
__Hfunctab                            functab      0000
__Hidloc                              idloc        2004
__Hinit                               init         000E
__Hintentry                           intentry     000E
__Hmaintext                           maintext     0000
__Hpowerup                            powerup      0000
__Hram                                ram          0000
__Hreset_vec                          reset_vec    0003
__Hsfr0                               sfr0         0000
__Hsfr1                               sfr1         0000
__Hsfr2                               sfr2         0000
__Hsfr3                               sfr3         0000
__Hspace_0                            (abs)        019B
__Hspace_1                            (abs)        007A
__Hspace_2                            (abs)        0000
__Hspace_3                            (abs)        0000
__Hspace_4                            (abs)        400F
__Hstack                              stack        0000
__Hstrings                            strings      0000
__Htext                               text         0000
__Labs1                               abs1         0000
__Lbank0                              bank0        0000
__Lbank1                              bank1        0000
__Lbank2                              bank2        0000
__Lbank3                              bank3        0000
__LbssBANK0                           bssBANK0     0000
__LbssCOMMON                          bssCOMMON    0000
__Lcinit                              cinit        0011
__Lclrtext                            clrtext      0000
__Lcode                               code         0000
__Lcommon                             common       0000
__Lconfig                             config       0000
__LcstackBANK0                        cstackBANK0  0000
__LcstackCOMMON                       cstackCOMMON 0000
__Leeprom_data                        eeprom_data  0000
__Lend_init                           end_init     000E
__Lfunctab                            functab      0000
__Lidloc                              idloc        0000
__Linit                               init         000E
__Lintentry                           intentry     0004
__Lmaintext                           maintext     0000
__Lpowerup                            powerup      0000
__Lram                                ram          0000
__Lreset_vec                          reset_vec    0000
__Lsfr0                               sfr0         0000
__Lsfr1                               sfr1         0000
__Lsfr2                               sfr2         0000
__Lsfr3                               sfr3         0000
__Lspace_0                            (abs)        0000
__Lspace_1                            (abs)        0000
__Lspace_2                            (abs)        0000
__Lspace_3                            (abs)        0000
__Lspace_4                            (abs)        0000
__Lstack                              stack        0000
__Lstrings                            strings      0000
__Ltext                               text         0000
__S0                                  (abs)        019B
__S1                                  (abs)        007A
__S3                                  (abs)        0000
___aldiv                              text2        0024
___aldiv@counter                      cstackBANK0  0028
___aldiv@dividend                     cstackBANK0  0024
___aldiv@divisor                      cstackBANK0  0020
___aldiv@quotient                     cstackBANK0  002A
___aldiv@sign                         cstackBANK0  0029
___int_sp                             stack        0000
___latbits                            (abs)        0002
___sp                                 stack        0000
___stackhi                            (abs)        0000
___stacklo                            (abs)        0000
__end_ofSevenSeg_Write@displayPattern strings      011C
__end_of_ISR                          text5        014C
__end_of_UART_TxChar                  text4        019B
__end_of_UART_TxString                text3        016B
__end_of_UART_init                    text1        00FE
__end_of___aldiv                      text2        00C1
__end_of__initialization              cinit        0020
__end_of__stringtab                   strings      0106
__end_of_keypad                       strings      0112
__end_of_main                         maintext     0184
__initialization                      cinit        0011
__pbssBANK0                           bssBANK0     0036
__pbssCOMMON                          bssCOMMON    0070
__pcstackBANK0                        cstackBANK0  0020
__pcstackCOMMON                       cstackCOMMON 0075
__pintentry                           intentry     0004
__pmaintext                           maintext     016B
__pstrings                            strings      0100
__ptext1                              text1        00C1
__ptext2                              text2        0024
__ptext3                              text3        014C
__ptext4                              text4        0184
__ptext5                              text5        0126
__stringbase                          strings      0105
__stringtab                           strings      0100
_dato                                 bssCOMMON    0072
_keypad                               strings      0106
_main                                 maintext     016B
btemp                                 (abs)        007E
end_of_initialization                 cinit        0020
interrupt_function                    intentry     0004
intlevel0                             functab      0000
intlevel1                             functab      0000
intlevel2                             functab      0000
intlevel3                             functab      0000
intlevel4                             functab      0000
intlevel5                             functab      0000
pid_controller@integral               bssBANK0     0036
pid_controller@previous_error         bssBANK0     003A
reset_vec                             reset_vec    0000
saved_w                               (abs)        007E
start                                 init         000E
start_initialization                  cinit        0011
wtemp0                                (abs)        007E


MODULE INFORMATION

Module		Function		Class		Link	Load	Size
../00-Librerie.X/UART.c
		_UART_TxString 		CODE           	014C	0000	31
		_UART_init     		CODE           	00C1	0000	61
		_UART_TxChar   		CODE           	0184	0000	23

../00-Librerie.X/UART.c estimated size: 115

C:\Program Files\Microchip\xc8\v2.40\pic\sources\c90\common\aldiv.c
		___aldiv       		CODE           	0024	0000	157

C:\Program Files\Microchip\xc8\v2.40\pic\sources\c90\common\aldiv.c estimated size: 157

shared
		__stringtab    		STRING         	0100	0000	6
		SevenSeg_Write@displayPattern		STRING         	0112	0000	10
		_keypad        		STRING         	0106	0000	12
		__initialization		CODE           	0011	0000	15

shared estimated size: 43

main.c
		_ISR           		CODE           	0126	0000	38
		_main          		CODE           	016B	0000	25

main.c estimated size: 63

